Component: ARM Compiler 5.06 update 6 (build 750) Tool: armlink [4d35ed]

==============================================================================

Section Cross References

    main.o(i.BackupSRAM_Read) refers to stm32l0xx_hal_pwr.o(i.HAL_PWR_EnableBkUpAccess) for HAL_PWR_EnableBkUpAccess
    main.o(i.BackupSRAM_Read) refers to stm32l0xx_hal_pwr.o(i.HAL_PWR_DisableBkUpAccess) for HAL_PWR_DisableBkUpAccess
    main.o(i.BackupSRAM_Write) refers to stm32l0xx_hal_pwr.o(i.HAL_PWR_EnableBkUpAccess) for HAL_PWR_EnableBkUpAccess
    main.o(i.BackupSRAM_Write) refers to stm32l0xx_hal_pwr.o(i.HAL_PWR_DisableBkUpAccess) for HAL_PWR_DisableBkUpAccess
    main.o(i.DeviceConfig_Read) refers to main.o(i.BackupSRAM_Read) for BackupSRAM_Read
    main.o(i.DeviceConfig_Write) refers to main.o(i.BackupSRAM_Write) for BackupSRAM_Write
    main.o(i.MX_GPIO_Init) refers to memseta.o(.text) for __aeabi_memclr4
    main.o(i.MX_GPIO_Init) refers to main.o(i.LL_IOP_GRP1_EnableClock) for LL_IOP_GRP1_EnableClock
    main.o(i.MX_GPIO_Init) refers to main.o(i.LL_GPIO_ResetOutputPin) for LL_GPIO_ResetOutputPin
    main.o(i.MX_GPIO_Init) refers to stm32l0xx_ll_gpio.o(i.LL_GPIO_Init) for LL_GPIO_Init
    main.o(i.MX_GPIO_Init) refers to stm32l0xx_ll_exti.o(i.LL_EXTI_Init) for LL_EXTI_Init
    main.o(i.MX_RTC_Init) refers to memseta.o(.text) for __aeabi_memclr4
    main.o(i.MX_RTC_Init) refers to main.o(i.LL_RCC_EnableRTC) for LL_RCC_EnableRTC
    main.o(i.MX_RTC_Init) refers to stm32l0xx_ll_rtc.o(i.LL_RTC_Init) for LL_RTC_Init
    main.o(i.MX_RTC_Init) refers to stm32l0xx_ll_rtc.o(i.LL_RTC_TIME_Init) for LL_RTC_TIME_Init
    main.o(i.MX_RTC_Init) refers to stm32l0xx_ll_rtc.o(i.LL_RTC_DATE_Init) for LL_RTC_DATE_Init
    main.o(i.MX_RTC_Init) refers to stm32l0xx_ll_rtc.o(i.LL_RTC_ALMA_Init) for LL_RTC_ALMA_Init
    main.o(i.MX_SPI1_Init) refers to memseta.o(.text) for __aeabi_memclr4
    main.o(i.MX_SPI1_Init) refers to main.o(i.LL_IOP_GRP1_EnableClock) for LL_IOP_GRP1_EnableClock
    main.o(i.MX_SPI1_Init) refers to stm32l0xx_ll_gpio.o(i.LL_GPIO_Init) for LL_GPIO_Init
    main.o(i.MX_SPI1_Init) refers to stm32l0xx_ll_spi.o(i.LL_SPI_Init) for LL_SPI_Init
    main.o(i.SystemClock_Config) refers to main.o(i.Error_Handler) for Error_Handler
    main.o(i.SystemClock_Config) refers to main.o(i.LL_RCC_EnableRTC) for LL_RCC_EnableRTC
    main.o(i.SystemClock_Config) refers to stm32l0xx_ll_utils.o(i.LL_SetSystemCoreClock) for LL_SetSystemCoreClock
    main.o(i.main) refers to stm32l0xx_hal.o(i.HAL_Init) for HAL_Init
    main.o(i.main) refers to main.o(i.SystemClock_Config) for SystemClock_Config
    main.o(i.main) refers to main.o(i.MX_GPIO_Init) for MX_GPIO_Init
    main.o(i.main) refers to main.o(i.MX_RTC_Init) for MX_RTC_Init
    main.o(i.main) refers to main.o(i.MX_SPI1_Init) for MX_SPI1_Init
    main.o(i.main) refers to fatfs.o(i.MX_FATFS_Init) for MX_FATFS_Init
    main.o(i.main) refers to usb_device.o(i.MX_USB_DEVICE_Init) for MX_USB_DEVICE_Init
    main.o(i.main) refers to app_x-cube-mems1.o(i.MX_MEMS_Init) for MX_MEMS_Init
    main.o(i.main) refers to main.o(i.DeviceConfig_Read) for DeviceConfig_Read
    main.o(i.main) refers to app_x-cube-mems1.o(i.MX_MEMS_Process) for MX_MEMS_Process
    main.o(i.main) refers to main.o(.data) for xDevConfig
    user_diskio.o(i.USER_initialize) refers to user_diskio.o(.data) for Stat
    user_diskio.o(i.USER_status) refers to user_diskio.o(.data) for Stat
    user_diskio.o(.data) refers to user_diskio.o(i.USER_initialize) for USER_initialize
    user_diskio.o(.data) refers to user_diskio.o(i.USER_status) for USER_status
    user_diskio.o(.data) refers to user_diskio.o(i.USER_read) for USER_read
    user_diskio.o(.data) refers to user_diskio.o(i.USER_write) for USER_write
    user_diskio.o(.data) refers to user_diskio.o(i.USER_ioctl) for USER_ioctl
    fatfs.o(i.MX_FATFS_Init) refers to ff_gen_drv.o(i.FATFS_LinkDriver) for FATFS_LinkDriver
    fatfs.o(i.MX_FATFS_Init) refers to fatfs.o(.data) for USERPath
    fatfs.o(i.MX_FATFS_Init) refers to user_diskio.o(.data) for USER_Driver
    usb_device.o(i.MX_USB_DEVICE_Init) refers to usbd_core.o(i.USBD_Init) for USBD_Init
    usb_device.o(i.MX_USB_DEVICE_Init) refers to main.o(i.Error_Handler) for Error_Handler
    usb_device.o(i.MX_USB_DEVICE_Init) refers to usbd_core.o(i.USBD_RegisterClass) for USBD_RegisterClass
    usb_device.o(i.MX_USB_DEVICE_Init) refers to usbd_core.o(i.USBD_Start) for USBD_Start
    usb_device.o(i.MX_USB_DEVICE_Init) refers to usbd_desc.o(.data) for FS_Desc
    usb_device.o(i.MX_USB_DEVICE_Init) refers to usb_device.o(.bss) for hUsbDeviceFS
    usb_device.o(i.MX_USB_DEVICE_Init) refers to usbd_hid.o(.data) for USBD_HID
    usbd_conf.o(i.HAL_PCD_ConnectCallback) refers to usbd_core.o(i.USBD_LL_DevConnected) for USBD_LL_DevConnected
    usbd_conf.o(i.HAL_PCD_DataInStageCallback) refers to usbd_core.o(i.USBD_LL_DataInStage) for USBD_LL_DataInStage
[...]
    ../Drivers/STM32L0xx_HAL_Driver/Src/stm32l0xx_hal.c 0x00000000   Number         0  stm32l0xx_hal.o ABSOLUTE
    ../Drivers/STM32L0xx_HAL_Driver/Src/stm32l0xx_hal_cortex.c 0x00000000   Number         0  stm32l0xx_hal_cortex.o ABSOLUTE
    ../Drivers/STM32L0xx_HAL_Driver/Src/stm32l0xx_hal_dma.c 0x00000000   Number         0  stm32l0xx_hal_dma.o ABSOLUTE
    ../Drivers/STM32L0xx_HAL_Driver/Src/stm32l0xx_hal_flash.c 0x00000000   Number         0  stm32l0xx_hal_flash.o ABSOLUTE
    ../Drivers/STM32L0xx_HAL_Driver/Src/stm32l0xx_hal_flash_ex.c 0x00000000   Number         0  stm32l0xx_hal_flash_ex.o ABSOLUTE
    ../Drivers/STM32L0xx_HAL_Driver/Src/stm32l0xx_hal_flash_ramfunc.c 0x00000000   Number         0  stm32l0xx_hal_flash_ramfunc.o ABSOLUTE
    ../Drivers/STM32L0xx_HAL_Driver/Src/stm32l0xx_hal_gpio.c 0x00000000   Number         0  stm32l0xx_hal_gpio.o ABSOLUTE
    ../Drivers/STM32L0xx_HAL_Driver/Src/stm32l0xx_hal_i2c.c 0x00000000   Number         0  stm32l0xx_hal_i2c.o ABSOLUTE
    ../Drivers/STM32L0xx_HAL_Driver/Src/stm32l0xx_hal_i2c_ex.c 0x00000000   Number         0  stm32l0xx_hal_i2c_ex.o ABSOLUTE
    ../Drivers/STM32L0xx_HAL_Driver/Src/stm32l0xx_hal_pcd.c 0x00000000   Number         0  stm32l0xx_hal_pcd.o ABSOLUTE
    ../Drivers/STM32L0xx_HAL_Driver/Src/stm32l0xx_hal_pcd_ex.c 0x00000000   Number         0  stm32l0xx_hal_pcd_ex.o ABSOLUTE
    ../Drivers/STM32L0xx_HAL_Driver/Src/stm32l0xx_hal_pwr.c 0x00000000   Number         0  stm32l0xx_hal_pwr.o ABSOLUTE
    ../Drivers/STM32L0xx_HAL_Driver/Src/stm32l0xx_hal_pwr_ex.c 0x00000000   Number         0  stm32l0xx_hal_pwr_ex.o ABSOLUTE
    ../Drivers/STM32L0xx_HAL_Driver/Src/stm32l0xx_hal_rcc.c 0x00000000   Number         0  stm32l0xx_hal_rcc.o ABSOLUTE
    ../Drivers/STM32L0xx_HAL_Driver/Src/stm32l0xx_hal_rcc_ex.c 0x00000000   Number         0  stm32l0xx_hal_rcc_ex.o ABSOLUTE
    ../Drivers/STM32L0xx_HAL_Driver/Src/stm32l0xx_hal_tim.c 0x00000000   Number         0  stm32l0xx_hal_tim.o ABSOLUTE
    ../Drivers/STM32L0xx_HAL_Driver/Src/stm32l0xx_hal_tim_ex.c 0x00000000   Number         0  stm32l0xx_hal_tim_ex.o ABSOLUTE
    ../Drivers/STM32L0xx_HAL_Driver/Src/stm32l0xx_ll_dma.c 0x00000000   Number         0  stm32l0xx_ll_dma.o ABSOLUTE
    ../Drivers/STM32L0xx_HAL_Driver/Src/stm32l0xx_ll_exti.c 0x00000000   Number         0  stm32l0xx_ll_exti.o ABSOLUTE
    ../Drivers/STM32L0xx_HAL_Driver/Src/stm32l0xx_ll_gpio.c 0x00000000   Number         0  stm32l0xx_ll_gpio.o ABSOLUTE
    ../Drivers/STM32L0xx_HAL_Driver/Src/stm32l0xx_ll_rcc.c 0x00000000   Number         0  stm32l0xx_ll_rcc.o ABSOLUTE
    ../Drivers/STM32L0xx_HAL_Driver/Src/stm32l0xx_ll_rtc.c 0x00000000   Number         0  stm32l0xx_ll_rtc.o ABSOLUTE
    ../Drivers/STM32L0xx_HAL_Driver/Src/stm32l0xx_ll_spi.c 0x00000000   Number         0  stm32l0xx_ll_spi.o ABSOLUTE
    ../Drivers/STM32L0xx_HAL_Driver/Src/stm32l0xx_ll_usb.c 0x00000000   Number         0  stm32l0xx_ll_usb.o ABSOLUTE
    ../Drivers/STM32L0xx_HAL_Driver/Src/stm32l0xx_ll_utils.c 0x00000000   Number         0  stm32l0xx_ll_utils.o ABSOLUTE
    ../Middlewares/ST/STM32_USB_Device_Library/Class/HID/Src/usbd_hid.c 0x00000000   Number         0  usbd_hid.o ABSOLUTE
    ../Middlewares/ST/STM32_USB_Device_Library/Core/Src/usbd_core.c 0x00000000   Number         0  usbd_core.o ABSOLUTE
    ../Middlewares/ST/STM32_USB_Device_Library/Core/Src/usbd_ctlreq.c 0x00000000   Number         0  usbd_ctlreq.o ABSOLUTE
    ../Middlewares/ST/STM32_USB_Device_Library/Core/Src/usbd_ioreq.c 0x00000000   Number         0  usbd_ioreq.o ABSOLUTE
    ../Middlewares/Third_Party/FatFs/src/diskio.c 0x00000000   Number         0  diskio.o ABSOLUTE
    ../Middlewares/Third_Party/FatFs/src/ff.c 0x00000000   Number         0  ff.o ABSOLUTE
    ../Middlewares/Third_Party/FatFs/src/ff_gen_drv.c 0x00000000   Number         0  ff_gen_drv.o ABSOLUTE
    ../Middlewares/Third_Party/FatFs/src/option/syscall.c 0x00000000   Number         0  syscall.o ABSOLUTE
    ../Src/app_x-cube-mems1.c                0x00000000   Number         0  app_x-cube-mems1.o ABSOLUTE
    ../Src/custom_bus.c                      0x00000000   Number         0  custom_bus.o ABSOLUTE
    ../Src/fatfs.c                           0x00000000   Number         0  fatfs.o ABSOLUTE
    ../Src/main.c                            0x00000000   Number         0  main.o ABSOLUTE
    ../Src/stm32l0xx_hal_msp.c               0x00000000   Number         0  stm32l0xx_hal_msp.o ABSOLUTE
    ../Src/stm32l0xx_it.c                    0x00000000   Number         0  stm32l0xx_it.o ABSOLUTE
    ../Src/system_stm32l0xx.c                0x00000000   Number         0  system_stm32l0xx.o ABSOLUTE
    ../Src/usb_device.c                      0x00000000   Number         0  usb_device.o ABSOLUTE
    ../Src/usbd_conf.c                       0x00000000   Number         0  usbd_conf.o ABSOLUTE
    ../Src/usbd_desc.c                       0x00000000   Number         0  usbd_desc.o ABSOLUTE
    ../Src/user_diskio.c                     0x00000000   Number         0  user_diskio.o ABSOLUTE
    ../clib/../cmprslib/zerorunl2.c          0x00000000   Number         0  __dczerorl2.o ABSOLUTE
    ../clib/microlib/division.c              0x00000000   Number         0  uidiv.o ABSOLUTE
    ../clib/microlib/init/entry.s            0x00000000   Number         0  entry7b.o ABSOLUTE
    ../clib/microlib/init/entry.s            0x00000000   Number         0  entry8a.o ABSOLUTE
    ../clib/microlib/init/entry.s            0x00000000   Number         0  entry8b.o ABSOLUTE
    ../clib/microlib/init/entry.s            0x00000000   Number         0  entry9a.o ABSOLUTE
    ../clib/microlib/init/entry.s            0x00000000   Number         0  entry2.o ABSOLUTE
    ../clib/microlib/init/entry.s            0x00000000   Number         0  entry9b.o ABSOLUTE
    ../clib/microlib/init/entry.s            0x00000000   Number         0  entry10a.o ABSOLUTE
    ../clib/microlib/init/entry.s            0x00000000   Number         0  entry5.o ABSOLUTE
    ../clib/microlib/init/entry.s            0x00000000   Number         0  entry11b.o ABSOLUTE
    ../clib/microlib/init/entry.s            0x00000000   Number         0  entry10b.o ABSOLUTE
    ../clib/microlib/init/entry.s            0x00000000   Number         0  entry11a.o ABSOLUTE
    ../clib/microlib/init/entry.s            0x00000000   Number         0  entry7a.o ABSOLUTE
    ../clib/microlib/init/entry.s            0x00000000   Number         0  entry.o ABSOLUTE
    ../clib/microlib/string/memcpy.c         0x00000000   Number         0  memcpya.o ABSOLUTE
    ../clib/microlib/string/memcpy.c         0x00000000   Number         0  memcpyb.o ABSOLUTE
    ../clib/microlib/string/memset.c         0x00000000   Number         0  memseta.o ABSOLUTE
    ../clib/microlib/stubs.s                 0x00000000   Number         0  iusefp.o ABSOLUTE
    ../fplib/microlib/fpadd.c                0x00000000   Number         0  fadd.o ABSOLUTE
    ../fplib/microlib/fpdiv.c                0x00000000   Number         0  fdiv.o ABSOLUTE
    ../fplib/microlib/fpepilogue.c           0x00000000   Number         0  fepilogue.o ABSOLUTE
    ../fplib/microlib/fpfix.c                0x00000000   Number         0  ffixui.o ABSOLUTE
    ../fplib/microlib/fpflt.c                0x00000000   Number         0  fflti.o ABSOLUTE
    ..\Drivers\STM32L0xx_HAL_Driver\Src\stm32l0xx_hal.c 0x00000000   Number         0  stm32l0xx_hal.o ABSOLUTE
    ..\Drivers\STM32L0xx_HAL_Driver\Src\stm32l0xx_hal_cortex.c 0x00000000   Number         0  stm32l0xx_hal_cortex.o ABSOLUTE
    ..\Drivers\STM32L0xx_HAL_Driver\Src\stm32l0xx_hal_dma.c 0x00000000   Number         0  stm32l0xx_hal_dma.o ABSOLUTE
    ..\Drivers\STM32L0xx_HAL_Driver\Src\stm32l0xx_hal_flash.c 0x00000000   Number         0  stm32l0xx_hal_flash.o ABSOLUTE
    ..\Drivers\STM32L0xx_HAL_Driver\Src\stm32l0xx_hal_flash_ex.c 0x00000000   Number         0  stm32l0xx_hal_flash_ex.o ABSOLUTE
    ..\Drivers\STM32L0xx_HAL_Driver\Src\stm32l0xx_hal_flash_ramfunc.c 0x00000000   Number         0  stm32l0xx_hal_flash_ramfunc.o ABSOLUTE
    ..\Drivers\STM32L0xx_HAL_Driver\Src\stm32l0xx_hal_gpio.c 0x00000000   Number         0  stm32l0xx_hal_gpio.o ABSOLUTE
    ..\Drivers\STM32L0xx_HAL_Driver\Src\stm32l0xx_hal_i2c.c 0x00000000   Number         0  stm32l0xx_hal_i2c.o ABSOLUTE
    ..\Drivers\STM32L0xx_HAL_Driver\Src\stm32l0xx_hal_i2c_ex.c 0x00000000   Number         0  stm32l0xx_hal_i2c_ex.o ABSOLUTE
    ..\Drivers\STM32L0xx_HAL_Driver\Src\stm32l0xx_hal_pcd.c 0x00000000   Number         0  stm32l0xx_hal_pcd.o ABSOLUTE
    ..\Drivers\STM32L0xx_HAL_Driver\Src\stm32l0xx_hal_pcd_ex.c 0x00000000   Number         0  stm32l0xx_hal_pcd_ex.o ABSOLUTE
    ..\Drivers\STM32L0xx_HAL_Driver\Src\stm32l0xx_hal_pwr.c 0x00000000   Number         0  stm32l0xx_hal_pwr.o ABSOLUTE
    ..\Drivers\STM32L0xx_HAL_Driver\Src\stm32l0xx_hal_pwr_ex.c 0x00000000   Number         0  stm32l0xx_hal_pwr_ex.o ABSOLUTE
    ..\Drivers\STM32L0xx_HAL_Driver\Src\stm32l0xx_hal_rcc.c 0x00000000   Number         0  stm32l0xx_hal_rcc.o ABSOLUTE
    ..\Drivers\STM32L0xx_HAL_Driver\Src\stm32l0xx_hal_rcc_ex.c 0x00000000   Number         0  stm32l0xx_hal_rcc_ex.o ABSOLUTE
    ..\Drivers\STM32L0xx_HAL_Driver\Src\stm32l0xx_hal_tim.c 0x00000000   Number         0  stm32l0xx_hal_tim.o ABSOLUTE
    ..\Drivers\STM32L0xx_HAL_Driver\Src\stm32l0xx_hal_tim_ex.c 0x00000000   Number         0  stm32l0xx_hal_tim_ex.o ABSOLUTE
    ..\Drivers\STM32L0xx_HAL_Driver\Src\stm32l0xx_ll_dma.c 0x00000000   Number         0  stm32l0xx_ll_dma.o ABSOLUTE
    ..\Drivers\STM32L0xx_HAL_Driver\Src\stm32l0xx_ll_exti.c 0x00000000   Number         0  stm32l0xx_ll_exti.o ABSOLUTE
    ..\Drivers\STM32L0xx_HAL_Driver\Src\stm32l0xx_ll_gpio.c 0x00000000   Number         0  stm32l0xx_ll_gpio.o ABSOLUTE
    ..\Drivers\STM32L0xx_HAL_Driver\Src\stm32l0xx_ll_rcc.c 0x00000000   Number         0  stm32l0xx_ll_rcc.o ABSOLUTE
    ..\Drivers\STM32L0xx_HAL_Driver\Src\stm32l0xx_ll_rtc.c 0x00000000   Number         0  stm32l0xx_ll_rtc.o ABSOLUTE
    ..\Drivers\STM32L0xx_HAL_Driver\Src\stm32l0xx_ll_spi.c 0x00000000   Number         0  stm32l0xx_ll_spi.o ABSOLUTE
    ..\Drivers\STM32L0xx_HAL_Driver\Src\stm32l0xx_ll_usb.c 0x00000000   Number         0  stm32l0xx_ll_usb.o ABSOLUTE
    ..\Drivers\STM32L0xx_HAL_Driver\Src\stm32l0xx_ll_utils.c 0x00000000   Number         0  stm32l0xx_ll_utils.o ABSOLUTE
    ..\Middlewares\ST\STM32_USB_Device_Library\Class\HID\Src\usbd_hid.c 0x00000000   Number         0  usbd_hid.o ABSOLUTE
    ..\Middlewares\ST\STM32_USB_Device_Library\Core\Src\usbd_core.c 0x00000000   Number         0  usbd_core.o ABSOLUTE
    ..\Middlewares\ST\STM32_USB_Device_Library\Core\Src\usbd_ctlreq.c 0x00000000   Number         0  usbd_ctlreq.o ABSOLUTE
    ..\Middlewares\ST\STM32_USB_Device_Library\Core\Src\usbd_ioreq.c 0x00000000   Number         0  usbd_ioreq.o ABSOLUTE
    ..\Middlewares\Third_Party\FatFs\src\diskio.c 0x00000000   Number         0  diskio.o ABSOLUTE
    ..\Middlewares\Third_Party\FatFs\src\ff.c 0x00000000   Number         0  ff.o ABSOLUTE
    ..\Middlewares\Third_Party\FatFs\src\ff_gen_drv.c 0x00000000   Number         0  ff_gen_drv.o ABSOLUTE
    ..\Middlewares\Third_Party\FatFs\src\option\syscall.c 0x00000000   Number         0  syscall.o ABSOLUTE
    ..\Src\app_x-cube-mems1.c                0x00000000   Number         0  app_x-cube-mems1.o ABSOLUTE
    ..\Src\custom_bus.c                      0x00000000   Number         0  custom_bus.o ABSOLUTE
    ..\Src\fatfs.c                           0x00000000   Number         0  fatfs.o ABSOLUTE
    ..\Src\main.c                            0x00000000   Number         0  main.o ABSOLUTE
    ..\Src\stm32l0xx_hal_msp.c               0x00000000   Number         0  stm32l0xx_hal_msp.o ABSOLUTE
    ..\Src\stm32l0xx_it.c                    0x00000000   Number         0  stm32l0xx_it.o ABSOLUTE
    ..\Src\system_stm32l0xx.c                0x00000000   Number         0  system_stm32l0xx.o ABSOLUTE
    ..\Src\usb_device.c                      0x00000000   Number         0  usb_device.o ABSOLUTE
    ..\Src\usbd_conf.c                       0x00000000   Number         0  usbd_conf.o ABSOLUTE
    ..\Src\usbd_desc.c                       0x00000000   Number         0  usbd_desc.o ABSOLUTE
    ..\Src\user_diskio.c                     0x00000000   Number         0  user_diskio.o ABSOLUTE
    cfcmple.s                                0x00000000   Number         0  cfcmple.o ABSOLUTE
    dc.s                                     0x00000000   Number         0  dc.o ABSOLUTE
    handlers.s                               0x00000000   Number         0  handlers.o ABSOLUTE
    init.s                                   0x00000000   Number         0  init.o ABSOLUTE
    startup_stm32l052xx.s                    0x00000000   Number         0  startup_stm32l052xx.o ABSOLUTE
    RESET                                    0x08000000   Section      192  startup_stm32l052xx.o(RESET)
    .ARM.Collect$$$$00000000                 0x080000c0   Section        0  entry.o(.ARM.Collect$$$$00000000)
    .ARM.Collect$$$$00000001                 0x080000c0   Section        4  entry2.o(.ARM.Collect$$$$00000001)
    .ARM.Collect$$$$00000004                 0x080000c4   Section        4  entry5.o(.ARM.Collect$$$$00000004)
    .ARM.Collect$$$$00000008                 0x080000c8   Section        0  entry7b.o(.ARM.Collect$$$$00000008)
    .ARM.Collect$$$$0000000A                 0x080000c8   Section        0  entry8b.o(.ARM.Collect$$$$0000000A)
    .ARM.Collect$$$$0000000B                 0x080000c8   Section        8  entry9a.o(.ARM.Collect$$$$0000000B)
    .ARM.Collect$$$$0000000D                 0x080000d0   Section        0  entry10a.o(.ARM.Collect$$$$0000000D)
    .ARM.Collect$$$$0000000F                 0x080000d0   Section        0  entry11a.o(.ARM.Collect$$$$0000000F)
    .ARM.Collect$$$$00002712                 0x080000d0   Section        4  entry2.o(.ARM.Collect$$$$00002712)
    __lit__00000000                          0x080000d0   Data           4  entry2.o(.ARM.Collect$$$$00002712)
    .text                                    0x080000d4   Section       28  startup_stm32l052xx.o(.text)
    .text                                    0x080000f0   Section        0  uidiv.o(.text)
    .text                                    0x0800011c   Section        0  memcpya.o(.text)
    .text                                    0x08000140   Section        0  memseta.o(.text)
    .text                                    0x08000164   Section       36  init.o(.text)
    .text                                    0x08000188   Section        0  __dczerorl2.o(.text)
    i.BackupSRAM_Read                        0x080001e0   Section        0  main.o(i.BackupSRAM_Read)
    i.DeviceConfig_Read                      0x08000238   Section        0  main.o(i.DeviceConfig_Read)
    i.Error_Handler                          0x08000246   Section        0  main.o(i.Error_Handler)
    i.FATFS_LinkDriver                       0x08000248   Section        0  ff_gen_drv.o(i.FATFS_LinkDriver)
    i.FATFS_LinkDriverEx                     0x0800025c   Section        0  ff_gen_drv.o(i.FATFS_LinkDriverEx)
    i.Get_SerialNum                          0x080002b0   Section        0  usbd_desc.o(i.Get_SerialNum)
    Get_SerialNum                            0x080002b1   Thumb Code    40  usbd_desc.o(i.Get_SerialNum)
    i.HAL_IncTick                            0x080002e0   Section        0  stm32l0xx_hal.o(i.HAL_IncTick)
    i.HAL_Init                               0x080002f0   Section        0  stm32l0xx_hal.o(i.HAL_Init)
    i.HAL_InitTick                           0x0800031c   Section        0  stm32l0xx_hal.o(i.HAL_InitTick)
    i.HAL_MspInit                            0x08000350   Section        0  stm32l0xx_hal_msp.o(i.HAL_MspInit)
    i.HAL_NVIC_EnableIRQ                     0x08000398   Section        0  stm32l0xx_hal_cortex.o(i.HAL_NVIC_EnableIRQ)
    i.HAL_NVIC_SetPriority                   0x080003b0   Section        0  stm32l0xx_hal_cortex.o(i.HAL_NVIC_SetPriority)
    i.HAL_PCDEx_ActivateBCD                  0x080003c2   Section        0  stm32l0xx_hal_pcd_ex.o(i.HAL_PCDEx_ActivateBCD)
    i.HAL_PCDEx_ActivateLPM                  0x080003e8   Section        0  stm32l0xx_hal_pcd_ex.o(i.HAL_PCDEx_ActivateLPM)
    i.HAL_PCDEx_LPM_Callback                 0x0800041a   Section        0  stm32l0xx_hal_pcd_ex.o(i.HAL_PCDEx_LPM_Callback)
    i.HAL_PCDEx_PMAConfig                    0x0800041c   Section        0  stm32l0xx_hal_pcd_ex.o(i.HAL_PCDEx_PMAConfig)
    i.HAL_PCD_DataInStageCallback            0x0800045a   Section        0  usbd_conf.o(i.HAL_PCD_DataInStageCallback)
    i.HAL_PCD_DataOutStageCallback           0x08000478   Section        0  usbd_conf.o(i.HAL_PCD_DataOutStageCallback)
    i.HAL_PCD_EP_Close                       0x08000498   Section        0  stm32l0xx_hal_pcd.o(i.HAL_PCD_EP_Close)
    i.HAL_PCD_EP_ClrStall                    0x08000504   Section        0  stm32l0xx_hal_pcd.o(i.HAL_PCD_EP_ClrStall)
    i.HAL_PCD_EP_Open                        0x08000582   Section        0  stm32l0xx_hal_pcd.o(i.HAL_PCD_EP_Open)
    i.HAL_PCD_EP_Receive                     0x08000610   Section        0  stm32l0xx_hal_pcd.o(i.HAL_PCD_EP_Receive)
    i.HAL_PCD_EP_SetStall                    0x08000658   Section        0  stm32l0xx_hal_pcd.o(i.HAL_PCD_EP_SetStall)
    i.HAL_PCD_EP_Transmit                    0x080006e8   Section        0  stm32l0xx_hal_pcd.o(i.HAL_PCD_EP_Transmit)
    i.HAL_PCD_IRQHandler                     0x08000730   Section        0  stm32l0xx_hal_pcd.o(i.HAL_PCD_IRQHandler)
    i.HAL_PCD_Init                           0x08000930   Section        0  stm32l0xx_hal_pcd.o(i.HAL_PCD_Init)
    i.HAL_PCD_MspInit                        0x08000a60   Section        0  usbd_conf.o(i.HAL_PCD_MspInit)
    i.HAL_PCD_ResetCallback                  0x08000a94   Section        0  usbd_conf.o(i.HAL_PCD_ResetCallback)
    i.HAL_PCD_ResumeCallback                 0x08000abc   Section        0  usbd_conf.o(i.HAL_PCD_ResumeCallback)
    i.HAL_PCD_SOFCallback                    0x08000ae8   Section        0  usbd_conf.o(i.HAL_PCD_SOFCallback)
    i.HAL_PCD_SetAddress                     0x08000af8   Section        0  stm32l0xx_hal_pcd.o(i.HAL_PCD_SetAddress)
    i.HAL_PCD_SetupStageCallback             0x08000b3a   Section        0  usbd_conf.o(i.HAL_PCD_SetupStageCallback)
    i.HAL_PCD_Start                          0x08000b50   Section        0  stm32l0xx_hal_pcd.o(i.HAL_PCD_Start)
    i.HAL_PCD_SuspendCallback                0x08000b90   Section        0  usbd_conf.o(i.HAL_PCD_SuspendCallback)
    i.HAL_PWR_ConfigPVD                      0x08000bb8   Section        0  stm32l0xx_hal_pwr.o(i.HAL_PWR_ConfigPVD)
    i.HAL_PWR_DisableBkUpAccess              0x08000c68   Section        0  stm32l0xx_hal_pwr.o(i.HAL_PWR_DisableBkUpAccess)
    i.HAL_PWR_EnableBkUpAccess               0x08000c7c   Section        0  stm32l0xx_hal_pwr.o(i.HAL_PWR_EnableBkUpAccess)
    i.HAL_PWR_EnablePVD                      0x08000c90   Section        0  stm32l0xx_hal_pwr.o(i.HAL_PWR_EnablePVD)
    i.HAL_SYSTICK_Callback                   0x08000ca4   Section        0  stm32l0xx_hal_cortex.o(i.HAL_SYSTICK_Callback)
    i.HAL_SYSTICK_Config                     0x08000ca8   Section        0  stm32l0xx_hal_cortex.o(i.HAL_SYSTICK_Config)
    i.HAL_SYSTICK_IRQHandler                 0x08000ce0   Section        0  stm32l0xx_hal_cortex.o(i.HAL_SYSTICK_IRQHandler)
    i.HardFault_Handler                      0x08000ce8   Section        0  stm32l0xx_it.o(i.HardFault_Handler)
    i.IntToUnicode                           0x08000cec   Section        0  usbd_desc.o(i.IntToUnicode)
    IntToUnicode                             0x08000ced   Thumb Code    54  usbd_desc.o(i.IntToUnicode)
    i.LL_EXTI_DisableEvent_0_31              0x08000d24   Section        0  stm32l0xx_ll_exti.o(i.LL_EXTI_DisableEvent_0_31)
    LL_EXTI_DisableEvent_0_31                0x08000d25   Thumb Code    12  stm32l0xx_ll_exti.o(i.LL_EXTI_DisableEvent_0_31)
    i.LL_EXTI_DisableIT_0_31                 0x08000d34   Section        0  stm32l0xx_ll_exti.o(i.LL_EXTI_DisableIT_0_31)
    LL_EXTI_DisableIT_0_31                   0x08000d35   Thumb Code    12  stm32l0xx_ll_exti.o(i.LL_EXTI_DisableIT_0_31)
    i.LL_EXTI_EnableEvent_0_31               0x08000d44   Section        0  stm32l0xx_ll_exti.o(i.LL_EXTI_EnableEvent_0_31)
    LL_EXTI_EnableEvent_0_31                 0x08000d45   Thumb Code    12  stm32l0xx_ll_exti.o(i.LL_EXTI_EnableEvent_0_31)
    i.LL_EXTI_EnableFallingTrig_0_31         0x08000d54   Section        0  stm32l0xx_ll_exti.o(i.LL_EXTI_EnableFallingTrig_0_31)
    LL_EXTI_EnableFallingTrig_0_31           0x08000d55   Thumb Code    12  stm32l0xx_ll_exti.o(i.LL_EXTI_EnableFallingTrig_0_31)
    i.LL_EXTI_EnableIT_0_31                  0x08000d64   Section        0  stm32l0xx_ll_exti.o(i.LL_EXTI_EnableIT_0_31)
    LL_EXTI_EnableIT_0_31                    0x08000d65   Thumb Code    12  stm32l0xx_ll_exti.o(i.LL_EXTI_EnableIT_0_31)
    i.LL_EXTI_EnableRisingTrig_0_31          0x08000d74   Section        0  stm32l0xx_ll_exti.o(i.LL_EXTI_EnableRisingTrig_0_31)
    LL_EXTI_EnableRisingTrig_0_31            0x08000d75   Thumb Code    12  stm32l0xx_ll_exti.o(i.LL_EXTI_EnableRisingTrig_0_31)
    i.LL_EXTI_Init                           0x08000d84   Section        0  stm32l0xx_ll_exti.o(i.LL_EXTI_Init)
    i.LL_GPIO_Init                           0x08000e40   Section        0  stm32l0xx_ll_gpio.o(i.LL_GPIO_Init)
    i.LL_GPIO_ResetOutputPin                 0x08000f3e   Section        0  main.o(i.LL_GPIO_ResetOutputPin)
    LL_GPIO_ResetOutputPin                   0x08000f3f   Thumb Code     4  main.o(i.LL_GPIO_ResetOutputPin)
    i.LL_IOP_GRP1_EnableClock                0x08000f44   Section        0  main.o(i.LL_IOP_GRP1_EnableClock)
    LL_IOP_GRP1_EnableClock                  0x08000f45   Thumb Code    24  main.o(i.LL_IOP_GRP1_EnableClock)
    i.LL_RCC_EnableRTC                       0x08000f60   Section        0  main.o(i.LL_RCC_EnableRTC)
    LL_RCC_EnableRTC                         0x08000f61   Thumb Code    16  main.o(i.LL_RCC_EnableRTC)
    i.LL_RTC_ALMA_ConfigTime                 0x08000f74   Section        0  stm32l0xx_ll_rtc.o(i.LL_RTC_ALMA_ConfigTime)
    LL_RTC_ALMA_ConfigTime                   0x08000f75   Thumb Code    60  stm32l0xx_ll_rtc.o(i.LL_RTC_ALMA_ConfigTime)
    i.LL_RTC_ALMA_Init                       0x08000fb4   Section        0  stm32l0xx_ll_rtc.o(i.LL_RTC_ALMA_Init)
    i.LL_RTC_ALMA_SetDay                     0x080010f4   Section        0  stm32l0xx_ll_rtc.o(i.LL_RTC_ALMA_SetDay)
    LL_RTC_ALMA_SetDay                       0x080010f5   Thumb Code    28  stm32l0xx_ll_rtc.o(i.LL_RTC_ALMA_SetDay)
    i.LL_RTC_DATE_Config                     0x08001110   Section        0  stm32l0xx_ll_rtc.o(i.LL_RTC_DATE_Config)
    LL_RTC_DATE_Config                       0x08001111   Thumb Code    62  stm32l0xx_ll_rtc.o(i.LL_RTC_DATE_Config)
    i.LL_RTC_DATE_Init                       0x08001154   Section        0  stm32l0xx_ll_rtc.o(i.LL_RTC_DATE_Init)
    i.LL_RTC_DisableInitMode                 0x08001228   Section        0  stm32l0xx_ll_rtc.o(i.LL_RTC_DisableInitMode)
    LL_RTC_DisableInitMode                   0x08001229   Thumb Code     8  stm32l0xx_ll_rtc.o(i.LL_RTC_DisableInitMode)
    i.LL_RTC_DisableWriteProtection          0x08001230   Section        0  stm32l0xx_ll_rtc.o(i.LL_RTC_DisableWriteProtection)
    LL_RTC_DisableWriteProtection            0x08001231   Thumb Code    10  stm32l0xx_ll_rtc.o(i.LL_RTC_DisableWriteProtection)
    i.LL_RTC_EnableWriteProtection           0x0800123a   Section        0  stm32l0xx_ll_rtc.o(i.LL_RTC_EnableWriteProtection)
    LL_RTC_EnableWriteProtection             0x0800123b   Thumb Code     6  stm32l0xx_ll_rtc.o(i.LL_RTC_EnableWriteProtection)
    i.LL_RTC_EnterInitMode                   0x08001240   Section        0  stm32l0xx_ll_rtc.o(i.LL_RTC_EnterInitMode)
    i.LL_RTC_GetHourFormat                   0x08001294   Section        0  stm32l0xx_ll_rtc.o(i.LL_RTC_GetHourFormat)
    LL_RTC_GetHourFormat                     0x08001295   Thumb Code    10  stm32l0xx_ll_rtc.o(i.LL_RTC_GetHourFormat)
    i.LL_RTC_Init                            0x0800129e   Section        0  stm32l0xx_ll_rtc.o(i.LL_RTC_Init)
    i.LL_RTC_IsActiveFlag_INIT               0x080012f6   Section        0  stm32l0xx_ll_rtc.o(i.LL_RTC_IsActiveFlag_INIT)
    LL_RTC_IsActiveFlag_INIT                 0x080012f7   Thumb Code    12  stm32l0xx_ll_rtc.o(i.LL_RTC_IsActiveFlag_INIT)
    i.LL_RTC_IsActiveFlag_RS                 0x08001302   Section        0  stm32l0xx_ll_rtc.o(i.LL_RTC_IsActiveFlag_RS)
    LL_RTC_IsActiveFlag_RS                   0x08001303   Thumb Code    12  stm32l0xx_ll_rtc.o(i.LL_RTC_IsActiveFlag_RS)
    i.LL_RTC_IsShadowRegBypassEnabled        0x0800130e   Section        0  stm32l0xx_ll_rtc.o(i.LL_RTC_IsShadowRegBypassEnabled)
    LL_RTC_IsShadowRegBypassEnabled          0x0800130f   Thumb Code    12  stm32l0xx_ll_rtc.o(i.LL_RTC_IsShadowRegBypassEnabled)
    i.LL_RTC_TIME_Config                     0x0800131c   Section        0  stm32l0xx_ll_rtc.o(i.LL_RTC_TIME_Config)
    LL_RTC_TIME_Config                       0x0800131d   Thumb Code    60  stm32l0xx_ll_rtc.o(i.LL_RTC_TIME_Config)
    i.LL_RTC_TIME_Init                       0x0800135c   Section        0  stm32l0xx_ll_rtc.o(i.LL_RTC_TIME_Init)
    i.LL_RTC_WaitForSynchro                  0x0800143c   Section        0  stm32l0xx_ll_rtc.o(i.LL_RTC_WaitForSynchro)
    i.LL_SPI_Init                            0x080014cc   Section        0  stm32l0xx_ll_spi.o(i.LL_SPI_Init)
    i.LL_SYSTICK_IsActiveCounterFlag         0x08001540   Section        0  stm32l0xx_ll_rtc.o(i.LL_SYSTICK_IsActiveCounterFlag)
    LL_SYSTICK_IsActiveCounterFlag           0x08001541   Thumb Code    14  stm32l0xx_ll_rtc.o(i.LL_SYSTICK_IsActiveCounterFlag)
    i.LL_SetSystemCoreClock                  0x08001554   Section        0  stm32l0xx_ll_utils.o(i.LL_SetSystemCoreClock)
    i.MX_FATFS_Init                          0x08001560   Section        0  fatfs.o(i.MX_FATFS_Init)
    i.MX_GPIO_Init                           0x0800157c   Section        0  main.o(i.MX_GPIO_Init)
    MX_GPIO_Init                             0x0800157d   Thumb Code   486  main.o(i.MX_GPIO_Init)
    i.MX_MEMS_Init                           0x08001770   Section        0  app_x-cube-mems1.o(i.MX_MEMS_Init)
    i.MX_MEMS_Process                        0x08001772   Section        0  app_x-cube-mems1.o(i.MX_MEMS_Process)
    i.MX_RTC_Init                            0x08001774   Section        0  main.o(i.MX_RTC_Init)
    MX_RTC_Init                              0x08001775   Thumb Code   160  main.o(i.MX_RTC_Init)
    i.MX_SPI1_Init                           0x08001818   Section        0  main.o(i.MX_SPI1_Init)
    MX_SPI1_Init                             0x08001819   Thumb Code   240  main.o(i.MX_SPI1_Init)
    i.MX_USB_DEVICE_Init                     0x08001910   Section        0  usb_device.o(i.MX_USB_DEVICE_Init)
    i.NMI_Handler                            0x08001950   Section        0  stm32l0xx_it.o(i.NMI_Handler)
    i.NVIC_SetPriority                       0x08001954   Section        0  stm32l0xx_hal_cortex.o(i.NVIC_SetPriority)
    NVIC_SetPriority                         0x08001955   Thumb Code   110  stm32l0xx_hal_cortex.o(i.NVIC_SetPriority)
    i.PCD_EP_ISR_Handler                     0x080019cc   Section        0  stm32l0xx_hal_pcd.o(i.PCD_EP_ISR_Handler)
    PCD_EP_ISR_Handler                       0x080019cd   Thumb Code   948  stm32l0xx_hal_pcd.o(i.PCD_EP_ISR_Handler)
    i.PendSV_Handler                         0x08001d90   Section        0  stm32l0xx_it.o(i.PendSV_Handler)
    i.RCC_CRS_IRQHandler                     0x08001d92   Section        0  stm32l0xx_it.o(i.RCC_CRS_IRQHandler)
    i.SVC_Handler                            0x08001d94   Section        0  stm32l0xx_it.o(i.SVC_Handler)
    i.SysTick_Handler                        0x08001d96   Section        0  stm32l0xx_it.o(i.SysTick_Handler)
    i.SystemClockConfig_Resume               0x08001da2   Section        0  usbd_conf.o(i.SystemClockConfig_Resume)
    SystemClockConfig_Resume                 0x08001da3   Thumb Code     8  usbd_conf.o(i.SystemClockConfig_Resume)
    i.SystemClock_Config                     0x08001dac   Section        0  main.o(i.SystemClock_Config)
    i.SystemInit                             0x0800200c   Section        0  system_stm32l0xx.o(i.SystemInit)
    i.USBD_ClrClassConfig                    0x08002074   Section        0  usbd_core.o(i.USBD_ClrClassConfig)
    i.USBD_ClrFeature                        0x0800208e   Section        0  usbd_ctlreq.o(i.USBD_ClrFeature)
    USBD_ClrFeature                          0x0800208f   Thumb Code    68  usbd_ctlreq.o(i.USBD_ClrFeature)
    i.USBD_CtlContinueRx                     0x080020d2   Section        0  usbd_ioreq.o(i.USBD_CtlContinueRx)
    i.USBD_CtlContinueSendData               0x080020ea   Section        0  usbd_ioreq.o(i.USBD_CtlContinueSendData)
    i.USBD_CtlError                          0x08002102   Section        0  usbd_ctlreq.o(i.USBD_CtlError)
    i.USBD_CtlReceiveStatus                  0x0800211a   Section        0  usbd_ioreq.o(i.USBD_CtlReceiveStatus)
    i.USBD_CtlSendData                       0x08002136   Section        0  usbd_ioreq.o(i.USBD_CtlSendData)
    i.USBD_CtlSendStatus                     0x0800215a   Section        0  usbd_ioreq.o(i.USBD_CtlSendStatus)
    i.USBD_FS_ConfigStrDescriptor            0x08002178   Section        0  usbd_desc.o(i.USBD_FS_ConfigStrDescriptor)
    i.USBD_FS_DeviceDescriptor               0x080021ac   Section        0  usbd_desc.o(i.USBD_FS_DeviceDescriptor)
    i.USBD_FS_InterfaceStrDescriptor         0x080021bc   Section        0  usbd_desc.o(i.USBD_FS_InterfaceStrDescriptor)
    i.USBD_FS_LangIDStrDescriptor            0x080021f4   Section        0  usbd_desc.o(i.USBD_FS_LangIDStrDescriptor)
    i.USBD_FS_ManufacturerStrDescriptor      0x08002204   Section        0  usbd_desc.o(i.USBD_FS_ManufacturerStrDescriptor)
    i.USBD_FS_ProductStrDescriptor           0x08002230   Section        0  usbd_desc.o(i.USBD_FS_ProductStrDescriptor)
    i.USBD_FS_SerialStrDescriptor            0x08002270   Section        0  usbd_desc.o(i.USBD_FS_SerialStrDescriptor)
    i.USBD_GetConfig                         0x08002288   Section        0  usbd_ctlreq.o(i.USBD_GetConfig)
    USBD_GetConfig                           0x08002289   Thumb Code    90  usbd_ctlreq.o(i.USBD_GetConfig)
    i.USBD_GetDescriptor                     0x080022e2   Section        0  usbd_ctlreq.o(i.USBD_GetDescriptor)
    USBD_GetDescriptor                       0x080022e3   Thumb Code   392  usbd_ctlreq.o(i.USBD_GetDescriptor)
    i.USBD_GetLen                            0x0800246a   Section        0  usbd_ctlreq.o(i.USBD_GetLen)
    USBD_GetLen                              0x0800246b   Thumb Code    20  usbd_ctlreq.o(i.USBD_GetLen)
    i.USBD_GetStatus                         0x0800247e   Section        0  usbd_ctlreq.o(i.USBD_GetStatus)
    USBD_GetStatus                           0x0800247f   Thumb Code    98  usbd_ctlreq.o(i.USBD_GetStatus)
    i.USBD_GetString                         0x080024e0   Section        0  usbd_ctlreq.o(i.USBD_GetString)
    i.USBD_Get_USB_Status                    0x0800252e   Section        0  usbd_conf.o(i.USBD_Get_USB_Status)
    USBD_Get_USB_Status                      0x0800252f   Thumb Code    46  usbd_conf.o(i.USBD_Get_USB_Status)
    i.USBD_HID_DataIn                        0x0800255c   Section        0  usbd_hid.o(i.USBD_HID_DataIn)
    USBD_HID_DataIn                          0x0800255d   Thumb Code    16  usbd_hid.o(i.USBD_HID_DataIn)
    i.USBD_HID_DeInit                        0x0800256c   Section        0  usbd_hid.o(i.USBD_HID_DeInit)
    USBD_HID_DeInit                          0x0800256d   Thumb Code    56  usbd_hid.o(i.USBD_HID_DeInit)
    i.USBD_HID_GetDeviceQualifierDesc        0x080025a4   Section        0  usbd_hid.o(i.USBD_HID_GetDeviceQualifierDesc)
    USBD_HID_GetDeviceQualifierDesc          0x080025a5   Thumb Code    10  usbd_hid.o(i.USBD_HID_GetDeviceQualifierDesc)
    i.USBD_HID_GetFSCfgDesc                  0x080025b4   Section        0  usbd_hid.o(i.USBD_HID_GetFSCfgDesc)
    USBD_HID_GetFSCfgDesc                    0x080025b5   Thumb Code    10  usbd_hid.o(i.USBD_HID_GetFSCfgDesc)
    i.USBD_HID_GetHSCfgDesc                  0x080025c4   Section        0  usbd_hid.o(i.USBD_HID_GetHSCfgDesc)
    USBD_HID_GetHSCfgDesc                    0x080025c5   Thumb Code    10  usbd_hid.o(i.USBD_HID_GetHSCfgDesc)
    i.USBD_HID_GetOtherSpeedCfgDesc          0x080025d4   Section        0  usbd_hid.o(i.USBD_HID_GetOtherSpeedCfgDesc)
    USBD_HID_GetOtherSpeedCfgDesc            0x080025d5   Thumb Code    10  usbd_hid.o(i.USBD_HID_GetOtherSpeedCfgDesc)
    i.USBD_HID_Init                          0x080025e4   Section        0  usbd_hid.o(i.USBD_HID_Init)
    USBD_HID_Init                            0x080025e5   Thumb Code    68  usbd_hid.o(i.USBD_HID_Init)
    i.USBD_HID_Setup                         0x08002628   Section        0  usbd_hid.o(i.USBD_HID_Setup)
    USBD_HID_Setup                           0x08002629   Thumb Code   364  usbd_hid.o(i.USBD_HID_Setup)
    i.USBD_Init                              0x0800279c   Section        0  usbd_core.o(i.USBD_Init)
    i.USBD_LL_ClearStallEP                   0x080027e4   Section        0  usbd_conf.o(i.USBD_LL_ClearStallEP)
    i.USBD_LL_CloseEP                        0x0800280a   Section        0  usbd_conf.o(i.USBD_LL_CloseEP)
    i.USBD_LL_DataInStage                    0x08002830   Section        0  usbd_core.o(i.USBD_LL_DataInStage)
    i.USBD_LL_DataOutStage                   0x0800295c   Section        0  usbd_core.o(i.USBD_LL_DataOutStage)
    i.USBD_LL_Init                           0x08002a20   Section        0  usbd_conf.o(i.USBD_LL_Init)
    i.USBD_LL_IsStallEP                      0x08002aa0   Section        0  usbd_conf.o(i.USBD_LL_IsStallEP)
    i.USBD_LL_OpenEP                         0x08002ad2   Section        0  usbd_conf.o(i.USBD_LL_OpenEP)
    i.USBD_LL_PrepareReceive                 0x08002b02   Section        0  usbd_conf.o(i.USBD_LL_PrepareReceive)
    i.USBD_LL_Reset                          0x08002b32   Section        0  usbd_core.o(i.USBD_LL_Reset)
    i.USBD_LL_Resume                         0x08002ba0   Section        0  usbd_core.o(i.USBD_LL_Resume)
    i.USBD_LL_SOF                            0x08002bb6   Section        0  usbd_core.o(i.USBD_LL_SOF)
    i.USBD_LL_SetSpeed                       0x08002be6   Section        0  usbd_core.o(i.USBD_LL_SetSpeed)
    i.USBD_LL_SetUSBAddress                  0x08002bee   Section        0  usbd_conf.o(i.USBD_LL_SetUSBAddress)
    i.USBD_LL_SetupStage                     0x08002c14   Section        0  usbd_core.o(i.USBD_LL_SetupStage)
    i.USBD_LL_StallEP                        0x08002c9c   Section        0  usbd_conf.o(i.USBD_LL_StallEP)
    i.USBD_LL_Start                          0x08002cc2   Section        0  usbd_conf.o(i.USBD_LL_Start)
    i.USBD_LL_Suspend                        0x08002ce4   Section        0  usbd_core.o(i.USBD_LL_Suspend)
    i.USBD_LL_Transmit                       0x08002d04   Section        0  usbd_conf.o(i.USBD_LL_Transmit)
    i.USBD_ParseSetupRequest                 0x08002d34   Section        0  usbd_ctlreq.o(i.USBD_ParseSetupRequest)
    i.USBD_RegisterClass                     0x08002d5c   Section        0  usbd_core.o(i.USBD_RegisterClass)
    i.USBD_RunTestMode                       0x08002d72   Section        0  usbd_core.o(i.USBD_RunTestMode)
    i.USBD_SetAddress                        0x08002d78   Section        0  usbd_ctlreq.o(i.USBD_SetAddress)
    USBD_SetAddress                          0x08002d79   Thumb Code   112  usbd_ctlreq.o(i.USBD_SetAddress)
    i.USBD_SetClassConfig                    0x08002de8   Section        0  usbd_core.o(i.USBD_SetClassConfig)
    i.USBD_SetConfig                         0x08002e18   Section        0  usbd_ctlreq.o(i.USBD_SetConfig)
    USBD_SetConfig                           0x08002e19   Thumb Code   244  usbd_ctlreq.o(i.USBD_SetConfig)
    i.USBD_SetFeature                        0x08002f10   Section        0  usbd_ctlreq.o(i.USBD_SetFeature)
    USBD_SetFeature                          0x08002f11   Thumb Code    28  usbd_ctlreq.o(i.USBD_SetFeature)
    i.USBD_Start                             0x08002f2c   Section        0  usbd_core.o(i.USBD_Start)
    i.USBD_StdDevReq                         0x08002f3a   Section        0  usbd_ctlreq.o(i.USBD_StdDevReq)
    i.USBD_StdEPReq                          0x08002fe2   Section        0  usbd_ctlreq.o(i.USBD_StdEPReq)
    i.USBD_StdItfReq                         0x08003238   Section        0  usbd_ctlreq.o(i.USBD_StdItfReq)
    i.USBD_static_free                       0x080032c4   Section        0  usbd_conf.o(i.USBD_static_free)
    i.USBD_static_malloc                     0x080032c8   Section        0  usbd_conf.o(i.USBD_static_malloc)
    i.USB_ActivateEndpoint                   0x080032d4   Section        0  stm32l0xx_ll_usb.o(i.USB_ActivateEndpoint)
    i.USB_DeactivateEndpoint                 0x08003748   Section        0  stm32l0xx_ll_usb.o(i.USB_DeactivateEndpoint)
    i.USB_DevConnect                         0x080039ac   Section        0  stm32l0xx_ll_usb.o(i.USB_DevConnect)
    i.USB_DevInit                            0x080039c0   Section        0  stm32l0xx_ll_usb.o(i.USB_DevInit)
    i.USB_DisableGlobalInt                   0x080039e0   Section        0  stm32l0xx_ll_usb.o(i.USB_DisableGlobalInt)
    i.USB_EP0_OutStart                       0x080039f8   Section        0  stm32l0xx_ll_usb.o(i.USB_EP0_OutStart)
    i.USB_EPClearStall                       0x08003a00   Section        0  stm32l0xx_ll_usb.o(i.USB_EPClearStall)
    i.USB_EPSetStall                         0x08003ad0   Section        0  stm32l0xx_ll_usb.o(i.USB_EPSetStall)
    i.USB_EPStartXfer                        0x08003b2c   Section        0  stm32l0xx_ll_usb.o(i.USB_EPStartXfer)
    i.USB_EnableGlobalInt                    0x08003f20   Section        0  stm32l0xx_ll_usb.o(i.USB_EnableGlobalInt)
    i.USB_IRQHandler                         0x08003f38   Section        0  stm32l0xx_it.o(i.USB_IRQHandler)
    i.USB_ReadInterrupts                     0x08003f48   Section        0  stm32l0xx_ll_usb.o(i.USB_ReadInterrupts)
    i.USB_ReadPMA                            0x08003f50   Section        0  stm32l0xx_ll_usb.o(i.USB_ReadPMA)
    i.USB_SetDevAddress                      0x08003f90   Section        0  stm32l0xx_ll_usb.o(i.USB_SetDevAddress)
    i.USB_WritePMA                           0x08003fa0   Section        0  stm32l0xx_ll_usb.o(i.USB_WritePMA)
    i.USER_initialize                        0x08003fdc   Section        0  user_diskio.o(i.USER_initialize)
    i.USER_ioctl                             0x08003ff0   Section        0  user_diskio.o(i.USER_ioctl)
    i.USER_read                              0x08003ff8   Section        0  user_diskio.o(i.USER_read)
    i.USER_status                            0x08004000   Section        0  user_diskio.o(i.USER_status)
    i.USER_write                             0x08004014   Section        0  user_diskio.o(i.USER_write)
    i.__ARM_common_switch8                   0x0800401c   Section        0  stm32l0xx_hal_dma.o(i.__ARM_common_switch8)
    i.__scatterload_copy                     0x08004038   Section       14  handlers.o(i.__scatterload_copy)
    i.__scatterload_null                     0x08004046   Section        2  handlers.o(i.__scatterload_null)
    i.__scatterload_zeroinit                 0x08004048   Section       14  handlers.o(i.__scatterload_zeroinit)
    i.main                                   0x08004058   Section        0  main.o(i.main)
    .data                                    0x20000000   Section        8  main.o(.data)
    .data                                    0x20000008   Section       24  user_diskio.o(.data)
    Stat                                     0x20000008   Data           1  user_diskio.o(.data)
    .data                                    0x20000020   Section        5  fatfs.o(.data)
    .data                                    0x20000028   Section       78  usbd_desc.o(.data)
    .data                                    0x20000078   Section        4  system_stm32l0xx.o(.data)
    .data                                    0x2000007c   Section        4  stm32l0xx_hal.o(.data)
    .data                                    0x20000080   Section        1  usbd_ctlreq.o(.data)
    cfgidx                                   0x20000080   Data           1  usbd_ctlreq.o(.data)
    .data                                    0x20000084   Section      262  usbd_hid.o(.data)
    USBD_HID_CfgFSDesc                       0x200000bc   Data          34  usbd_hid.o(.data)
    USBD_HID_CfgHSDesc                       0x200000e0   Data          34  usbd_hid.o(.data)
    USBD_HID_OtherSpeedCfgDesc               0x20000104   Data          34  usbd_hid.o(.data)
    USBD_HID_Desc                            0x20000128   Data           9  usbd_hid.o(.data)
    USBD_HID_DeviceQualifierDesc             0x20000134   Data          10  usbd_hid.o(.data)
    HID_MOUSE_ReportDesc                     0x20000140   Data          74  usbd_hid.o(.data)
    .bss                                     0x2000018c   Section      668  usb_device.o(.bss)
    .bss                                     0x20000428   Section      648  usbd_conf.o(.bss)
    mem                                      0x2000069c   Data          20  usbd_conf.o(.bss)
    .bss                                     0x200006b0   Section      512  usbd_desc.o(.bss)
    .bss                                     0x200008b0   Section       12  ff_gen_drv.o(.bss)
    STACK                                    0x200008c0   Section     1024  startup_stm32l052xx.o(STACK)

    Global Symbols

    Symbol Name                              Value     Ov Type        Size  Object(Section)

    BuildAttributes$$THM_ISAv3M$S$PE$A:L22$X:L11$S22$IEEE1$IW$USESV6$~STKCKD$USESV7$~SHL$OTIME$ROPI$EBA8$MICROLIB$REQ8$PRES8$EABIv2 0x00000000   Number         0  anon$$obj.o ABSOLUTE
    __ARM_use_no_argv                        0x00000000   Number         0  main.o ABSOLUTE
    __cpp_initialize__aeabi_                  - Undefined Weak Reference
    __cxa_finalize                            - Undefined Weak Reference
    _clock_init                               - Undefined Weak Reference
    _microlib_exit                            - Undefined Weak Reference
    __Vectors_Size                           0x000000c0   Number         0  startup_stm32l052xx.o ABSOLUTE
    __Vectors                                0x08000000   Data           4  startup_stm32l052xx.o(RESET)
    __Vectors_End                            0x080000c0   Data           0  startup_stm32l052xx.o(RESET)
    __main                                   0x080000c1   Thumb Code     0  entry.o(.ARM.Collect$$$$00000000)
    _main_stk                                0x080000c1   Thumb Code     0  entry2.o(.ARM.Collect$$$$00000001)
    _main_scatterload                        0x080000c5   Thumb Code     0  entry5.o(.ARM.Collect$$$$00000004)
    __main_after_scatterload                 0x080000c9   Thumb Code     0  entry5.o(.ARM.Collect$$$$00000004)
    _main_clock                              0x080000c9   Thumb Code     0  entry7b.o(.ARM.Collect$$$$00000008)
    _main_cpp_init                           0x080000c9   Thumb Code     0  entry8b.o(.ARM.Collect$$$$0000000A)
    _main_init                               0x080000c9   Thumb Code     0  entry9a.o(.ARM.Collect$$$$0000000B)
    __rt_final_cpp                           0x080000d1   Thumb Code     0  entry10a.o(.ARM.Collect$$$$0000000D)
    __rt_final_exit                          0x080000d1   Thumb Code     0  entry11a.o(.ARM.Collect$$$$0000000F)
    Reset_Handler                            0x080000d5   Thumb Code     8  startup_stm32l052xx.o(.text)
    ADC1_COMP_IRQHandler                     0x080000e7   Thumb Code     0  startup_stm32l052xx.o(.text)
    DMA1_Channel1_IRQHandler                 0x080000e7   Thumb Code     0  startup_stm32l052xx.o(.text)
    DMA1_Channel2_3_IRQHandler               0x080000e7   Thumb Code     0  startup_stm32l052xx.o(.text)
    DMA1_Channel4_5_6_7_IRQHandler           0x080000e7   Thumb Code     0  startup_stm32l052xx.o(.text)
    EXTI0_1_IRQHandler                       0x080000e7   Thumb Code     0  startup_stm32l052xx.o(.text)
    EXTI2_3_IRQHandler                       0x080000e7   Thumb Code     0  startup_stm32l052xx.o(.text)
    EXTI4_15_IRQHandler                      0x080000e7   Thumb Code     0  startup_stm32l052xx.o(.text)
    FLASH_IRQHandler                         0x080000e7   Thumb Code     0  startup_stm32l052xx.o(.text)
    I2C1_IRQHandler                          0x080000e7   Thumb Code     0  startup_stm32l052xx.o(.text)
    I2C2_IRQHandler                          0x080000e7   Thumb Code     0  startup_stm32l052xx.o(.text)
    LPTIM1_IRQHandler                        0x080000e7   Thumb Code     0  startup_stm32l052xx.o(.text)
    PVD_IRQHandler                           0x080000e7   Thumb Code     0  startup_stm32l052xx.o(.text)
    RNG_LPUART1_IRQHandler                   0x080000e7   Thumb Code     0  startup_stm32l052xx.o(.text)
    RTC_IRQHandler                           0x080000e7   Thumb Code     0  startup_stm32l052xx.o(.text)
    SPI1_IRQHandler                          0x080000e7   Thumb Code     0  startup_stm32l052xx.o(.text)
    SPI2_IRQHandler                          0x080000e7   Thumb Code     0  startup_stm32l052xx.o(.text)
    TIM21_IRQHandler                         0x080000e7   Thumb Code     0  startup_stm32l052xx.o(.text)
    TIM22_IRQHandler                         0x080000e7   Thumb Code     0  startup_stm32l052xx.o(.text)
    TIM2_IRQHandler                          0x080000e7   Thumb Code     0  startup_stm32l052xx.o(.text)
    TIM6_DAC_IRQHandler                      0x080000e7   Thumb Code     0  startup_stm32l052xx.o(.text)
    TSC_IRQHandler                           0x080000e7   Thumb Code     0  startup_stm32l052xx.o(.text)
    USART1_IRQHandler                        0x080000e7   Thumb Code     0  startup_stm32l052xx.o(.text)
    USART2_IRQHandler                        0x080000e7   Thumb Code     0  startup_stm32l052xx.o(.text)
    WWDG_IRQHandler                          0x080000e7   Thumb Code     0  startup_stm32l052xx.o(.text)
    __aeabi_uidiv                            0x080000f1   Thumb Code     0  uidiv.o(.text)
    __aeabi_uidivmod                         0x080000f1   Thumb Code    44  uidiv.o(.text)
    __aeabi_memcpy                           0x0800011d   Thumb Code    36  memcpya.o(.text)
    __aeabi_memcpy4                          0x0800011d   Thumb Code     0  memcpya.o(.text)
    __aeabi_memcpy8                          0x0800011d   Thumb Code     0  memcpya.o(.text)
    __aeabi_memset                           0x08000141   Thumb Code    14  memseta.o(.text)
    __aeabi_memset4                          0x08000141   Thumb Code     0  memseta.o(.text)
    __aeabi_memset8                          0x08000141   Thumb Code     0  memseta.o(.text)
    __aeabi_memclr                           0x0800014f   Thumb Code     4  memseta.o(.text)
    __aeabi_memclr4                          0x0800014f   Thumb Code     0  memseta.o(.text)
    __aeabi_memclr8                          0x0800014f   Thumb Code     0  memseta.o(.text)
    _memset$wrapper                          0x08000153   Thumb Code    18  memseta.o(.text)
    __scatterload                            0x08000165   Thumb Code    28  init.o(.text)
    __scatterload_rt2                        0x08000165   Thumb Code     0  init.o(.text)
    __decompress                             0x08000189   Thumb Code     0  __dczerorl2.o(.text)
    __decompress1                            0x08000189   Thumb Code    86  __dczerorl2.o(.text)
    BackupSRAM_Read                          0x080001e1   Thumb Code    78  main.o(i.BackupSRAM_Read)
    DeviceConfig_Read                        0x08000239   Thumb Code    14  main.o(i.DeviceConfig_Read)
    Error_Handler                            0x08000247   Thumb Code     2  main.o(i.Error_Handler)
    FATFS_LinkDriver                         0x08000249   Thumb Code    18  ff_gen_drv.o(i.FATFS_LinkDriver)
    FATFS_LinkDriverEx                       0x0800025d   Thumb Code    78  ff_gen_drv.o(i.FATFS_LinkDriverEx)
    HAL_IncTick                              0x080002e1   Thumb Code    12  stm32l0xx_hal.o(i.HAL_IncTick)
    HAL_Init                                 0x080002f1   Thumb Code    38  stm32l0xx_hal.o(i.HAL_Init)
    HAL_InitTick                             0x0800031d   Thumb Code    46  stm32l0xx_hal.o(i.HAL_InitTick)
    HAL_MspInit                              0x08000351   Thumb Code    66  stm32l0xx_hal_msp.o(i.HAL_MspInit)
    HAL_NVIC_EnableIRQ                       0x08000399   Thumb Code    18  stm32l0xx_hal_cortex.o(i.HAL_NVIC_EnableIRQ)
    HAL_NVIC_SetPriority                     0x080003b1   Thumb Code    18  stm32l0xx_hal_cortex.o(i.HAL_NVIC_SetPriority)
    HAL_PCDEx_ActivateBCD                    0x080003c3   Thumb Code    38  stm32l0xx_hal_pcd_ex.o(i.HAL_PCDEx_ActivateBCD)
    HAL_PCDEx_ActivateLPM                    0x080003e9   Thumb Code    50  stm32l0xx_hal_pcd_ex.o(i.HAL_PCDEx_ActivateLPM)
    HAL_PCDEx_LPM_Callback                   0x0800041b   Thumb Code     2  stm32l0xx_hal_pcd_ex.o(i.HAL_PCDEx_LPM_Callback)
    HAL_PCDEx_PMAConfig                      0x0800041d   Thumb Code    62  stm32l0xx_hal_pcd_ex.o(i.HAL_PCDEx_PMAConfig)
    HAL_PCD_DataInStageCallback              0x0800045b   Thumb Code    30  usbd_conf.o(i.HAL_PCD_DataInStageCallback)
    HAL_PCD_DataOutStageCallback             0x08000479   Thumb Code    32  usbd_conf.o(i.HAL_PCD_DataOutStageCallback)
    HAL_PCD_EP_Close                         0x08000499   Thumb Code   108  stm32l0xx_hal_pcd.o(i.HAL_PCD_EP_Close)
    HAL_PCD_EP_ClrStall                      0x08000505   Thumb Code   126  stm32l0xx_hal_pcd.o(i.HAL_PCD_EP_ClrStall)
    HAL_PCD_EP_Open                          0x08000583   Thumb Code   142  stm32l0xx_hal_pcd.o(i.HAL_PCD_EP_Open)
    HAL_PCD_EP_Receive                       0x08000611   Thumb Code    72  stm32l0xx_hal_pcd.o(i.HAL_PCD_EP_Receive)
    HAL_PCD_EP_SetStall                      0x08000659   Thumb Code   144  stm32l0xx_hal_pcd.o(i.HAL_PCD_EP_SetStall)
    HAL_PCD_EP_Transmit                      0x080006e9   Thumb Code    72  stm32l0xx_hal_pcd.o(i.HAL_PCD_EP_Transmit)
    HAL_PCD_IRQHandler                       0x08000731   Thumb Code   508  stm32l0xx_hal_pcd.o(i.HAL_PCD_IRQHandler)
    HAL_PCD_Init                             0x08000931   Thumb Code   304  stm32l0xx_hal_pcd.o(i.HAL_PCD_Init)
    HAL_PCD_MspInit                          0x08000a61   Thumb Code    44  usbd_conf.o(i.HAL_PCD_MspInit)
    HAL_PCD_ResetCallback                    0x08000a95   Thumb Code    40  usbd_conf.o(i.HAL_PCD_ResetCallback)
    HAL_PCD_ResumeCallback                   0x08000abd   Thumb Code    38  usbd_conf.o(i.HAL_PCD_ResumeCallback)
    HAL_PCD_SOFCallback                      0x08000ae9   Thumb Code    16  usbd_conf.o(i.HAL_PCD_SOFCallback)
    HAL_PCD_SetAddress                       0x08000af9   Thumb Code    66  stm32l0xx_hal_pcd.o(i.HAL_PCD_SetAddress)
    HAL_PCD_SetupStageCallback               0x08000b3b   Thumb Code    22  usbd_conf.o(i.HAL_PCD_SetupStageCallback)
    HAL_PCD_Start                            0x08000b51   Thumb Code    64  stm32l0xx_hal_pcd.o(i.HAL_PCD_Start)
    HAL_PCD_SuspendCallback                  0x08000b91   Thumb Code    34  usbd_conf.o(i.HAL_PCD_SuspendCallback)
    HAL_PWR_ConfigPVD                        0x08000bb9   Thumb Code   166  stm32l0xx_hal_pwr.o(i.HAL_PWR_ConfigPVD)
    HAL_PWR_DisableBkUpAccess                0x08000c69   Thumb Code    16  stm32l0xx_hal_pwr.o(i.HAL_PWR_DisableBkUpAccess)
    HAL_PWR_EnableBkUpAccess                 0x08000c7d   Thumb Code    16  stm32l0xx_hal_pwr.o(i.HAL_PWR_EnableBkUpAccess)
    HAL_PWR_EnablePVD                        0x08000c91   Thumb Code    14  stm32l0xx_hal_pwr.o(i.HAL_PWR_EnablePVD)
    HAL_SYSTICK_Callback                     0x08000ca5   Thumb Code     2  stm32l0xx_hal_cortex.o(i.HAL_SYSTICK_Callback)
    HAL_SYSTICK_Config                       0x08000ca9   Thumb Code    46  stm32l0xx_hal_cortex.o(i.HAL_SYSTICK_Config)
    HAL_SYSTICK_IRQHandler                   0x08000ce1   Thumb Code     8  stm32l0xx_hal_cortex.o(i.HAL_SYSTICK_IRQHandler)
    HardFault_Handler                        0x08000ce9   Thumb Code     4  stm32l0xx_it.o(i.HardFault_Handler)
    LL_EXTI_Init                             0x08000d85   Thumb Code   184  stm32l0xx_ll_exti.o(i.LL_EXTI_Init)
    LL_GPIO_Init                             0x08000e41   Thumb Code   254  stm32l0xx_ll_gpio.o(i.LL_GPIO_Init)
    LL_RTC_ALMA_Init                         0x08000fb5   Thumb Code   314  stm32l0xx_ll_rtc.o(i.LL_RTC_ALMA_Init)
    LL_RTC_DATE_Init                         0x08001155   Thumb Code   208  stm32l0xx_ll_rtc.o(i.LL_RTC_DATE_Init)
    LL_RTC_EnterInitMode                     0x08001241   Thumb Code    84  stm32l0xx_ll_rtc.o(i.LL_RTC_EnterInitMode)
    LL_RTC_Init                              0x0800129f   Thumb Code    88  stm32l0xx_ll_rtc.o(i.LL_RTC_Init)
    LL_RTC_TIME_Init                         0x0800135d   Thumb Code   220  stm32l0xx_ll_rtc.o(i.LL_RTC_TIME_Init)
    LL_RTC_WaitForSynchro                    0x0800143d   Thumb Code   144  stm32l0xx_ll_rtc.o(i.LL_RTC_WaitForSynchro)
    LL_SPI_Init                              0x080014cd   Thumb Code   112  stm32l0xx_ll_spi.o(i.LL_SPI_Init)
    LL_SetSystemCoreClock                    0x08001555   Thumb Code     6  stm32l0xx_ll_utils.o(i.LL_SetSystemCoreClock)
    MX_FATFS_Init                            0x08001561   Thumb Code    16  fatfs.o(i.MX_FATFS_Init)
    MX_MEMS_Init                             0x08001771   Thumb Code     2  app_x-cube-mems1.o(i.MX_MEMS_Init)
    MX_MEMS_Process                          0x08001773   Thumb Code     2  app_x-cube-mems1.o(i.MX_MEMS_Process)
    MX_USB_DEVICE_Init                       0x08001911   Thumb Code    52  usb_device.o(i.MX_USB_DEVICE_Init)
    NMI_Handler                              0x08001951   Thumb Code     2  stm32l0xx_it.o(i.NMI_Handler)
    PendSV_Handler                           0x08001d91   Thumb Code     2  stm32l0xx_it.o(i.PendSV_Handler)
    RCC_CRS_IRQHandler                       0x08001d93   Thumb Code     2  stm32l0xx_it.o(i.RCC_CRS_IRQHandler)
    SVC_Handler                              0x08001d95   Thumb Code     2  stm32l0xx_it.o(i.SVC_Handler)
    SysTick_Handler                          0x08001d97   Thumb Code    12  stm32l0xx_it.o(i.SysTick_Handler)
    SystemClock_Config                       0x08001dad   Thumb Code   584  main.o(i.SystemClock_Config)
    SystemInit                               0x0800200d   Thumb Code    88  system_stm32l0xx.o(i.SystemInit)
    USBD_ClrClassConfig                      0x08002075   Thumb Code    26  usbd_core.o(i.USBD_ClrClassConfig)
    USBD_CtlContinueRx                       0x080020d3   Thumb Code    24  usbd_ioreq.o(i.USBD_CtlContinueRx)
    USBD_CtlContinueSendData                 0x080020eb   Thumb Code    24  usbd_ioreq.o(i.USBD_CtlContinueSendData)
    USBD_CtlError                            0x08002103   Thumb Code    24  usbd_ctlreq.o(i.USBD_CtlError)
    USBD_CtlReceiveStatus                    0x0800211b   Thumb Code    28  usbd_ioreq.o(i.USBD_CtlReceiveStatus)
    USBD_CtlSendData                         0x08002137   Thumb Code    36  usbd_ioreq.o(i.USBD_CtlSendData)
    USBD_CtlSendStatus                       0x0800215b   Thumb Code    28  usbd_ioreq.o(i.USBD_CtlSendStatus)
    USBD_FS_ConfigStrDescriptor              0x08002179   Thumb Code    36  usbd_desc.o(i.USBD_FS_ConfigStrDescriptor)
    USBD_FS_DeviceDescriptor                 0x080021ad   Thumb Code    10  usbd_desc.o(i.USBD_FS_DeviceDescriptor)
    USBD_FS_InterfaceStrDescriptor           0x080021bd   Thumb Code    36  usbd_desc.o(i.USBD_FS_InterfaceStrDescriptor)
    USBD_FS_LangIDStrDescriptor              0x080021f5   Thumb Code    10  usbd_desc.o(i.USBD_FS_LangIDStrDescriptor)
    USBD_FS_ManufacturerStrDescriptor        0x08002205   Thumb Code    20  usbd_desc.o(i.USBD_FS_ManufacturerStrDescriptor)
    USBD_FS_ProductStrDescriptor             0x08002231   Thumb Code    36  usbd_desc.o(i.USBD_FS_ProductStrDescriptor)
    USBD_FS_SerialStrDescriptor              0x08002271   Thumb Code    18  usbd_desc.o(i.USBD_FS_SerialStrDescriptor)
    USBD_GetString                           0x080024e1   Thumb Code    78  usbd_ctlreq.o(i.USBD_GetString)
    USBD_Init                                0x0800279d   Thumb Code    72  usbd_core.o(i.USBD_Init)
    USBD_LL_ClearStallEP                     0x080027e5   Thumb Code    38  usbd_conf.o(i.USBD_LL_ClearStallEP)
    USBD_LL_CloseEP                          0x0800280b   Thumb Code    38  usbd_conf.o(i.USBD_LL_CloseEP)
    USBD_LL_DataInStage                      0x08002831   Thumb Code   300  usbd_core.o(i.USBD_LL_DataInStage)
    USBD_LL_DataOutStage                     0x0800295d   Thumb Code   196  usbd_core.o(i.USBD_LL_DataOutStage)
    USBD_LL_Init                             0x08002a21   Thumb Code   116  usbd_conf.o(i.USBD_LL_Init)
    USBD_LL_IsStallEP                        0x08002aa1   Thumb Code    50  usbd_conf.o(i.USBD_LL_IsStallEP)
    USBD_LL_OpenEP                           0x08002ad3   Thumb Code    48  usbd_conf.o(i.USBD_LL_OpenEP)
    USBD_LL_PrepareReceive                   0x08002b03   Thumb Code    48  usbd_conf.o(i.USBD_LL_PrepareReceive)
    USBD_LL_Reset                            0x08002b33   Thumb Code   110  usbd_core.o(i.USBD_LL_Reset)
    USBD_LL_Resume                           0x08002ba1   Thumb Code    22  usbd_core.o(i.USBD_LL_Resume)
    USBD_LL_SOF                              0x08002bb7   Thumb Code    48  usbd_core.o(i.USBD_LL_SOF)
    USBD_LL_SetSpeed                         0x08002be7   Thumb Code     8  usbd_core.o(i.USBD_LL_SetSpeed)
    USBD_LL_SetUSBAddress                    0x08002bef   Thumb Code    38  usbd_conf.o(i.USBD_LL_SetUSBAddress)
    USBD_LL_SetupStage                       0x08002c15   Thumb Code   136  usbd_core.o(i.USBD_LL_SetupStage)
    USBD_LL_StallEP                          0x08002c9d   Thumb Code    38  usbd_conf.o(i.USBD_LL_StallEP)
    USBD_LL_Start                            0x08002cc3   Thumb Code    34  usbd_conf.o(i.USBD_LL_Start)
    USBD_LL_Suspend                          0x08002ce5   Thumb Code    32  usbd_core.o(i.USBD_LL_Suspend)
    USBD_LL_Transmit                         0x08002d05   Thumb Code    48  usbd_conf.o(i.USBD_LL_Transmit)
    USBD_ParseSetupRequest                   0x08002d35   Thumb Code    40  usbd_ctlreq.o(i.USBD_ParseSetupRequest)
    USBD_RegisterClass                       0x08002d5d   Thumb Code    22  usbd_core.o(i.USBD_RegisterClass)
    USBD_RunTestMode                         0x08002d73   Thumb Code     6  usbd_core.o(i.USBD_RunTestMode)
    USBD_SetClassConfig                      0x08002de9   Thumb Code    46  usbd_core.o(i.USBD_SetClassConfig)
    USBD_Start                               0x08002f2d   Thumb Code    14  usbd_core.o(i.USBD_Start)
    USBD_StdDevReq                           0x08002f3b   Thumb Code   168  usbd_ctlreq.o(i.USBD_StdDevReq)
    USBD_StdEPReq                            0x08002fe3   Thumb Code   598  usbd_ctlreq.o(i.USBD_StdEPReq)
    USBD_StdItfReq                           0x08003239   Thumb Code   140  usbd_ctlreq.o(i.USBD_StdItfReq)
    USBD_static_free                         0x080032c5   Thumb Code     2  usbd_conf.o(i.USBD_static_free)
    USBD_static_malloc                       0x080032c9   Thumb Code     6  usbd_conf.o(i.USBD_static_malloc)
    USB_ActivateEndpoint                     0x080032d5   Thumb Code  1130  stm32l0xx_ll_usb.o(i.USB_ActivateEndpoint)
    USB_DeactivateEndpoint                   0x08003749   Thumb Code   602  stm32l0xx_ll_usb.o(i.USB_DeactivateEndpoint)
    USB_DevConnect                           0x080039ad   Thumb Code    20  stm32l0xx_ll_usb.o(i.USB_DevConnect)
    USB_DevInit                              0x080039c1   Thumb Code    32  stm32l0xx_ll_usb.o(i.USB_DevInit)
    USB_DisableGlobalInt                     0x080039e1   Thumb Code    18  stm32l0xx_ll_usb.o(i.USB_DisableGlobalInt)
    USB_EP0_OutStart                         0x080039f9   Thumb Code     6  stm32l0xx_ll_usb.o(i.USB_EP0_OutStart)
    USB_EPClearStall                         0x08003a01   Thumb Code   198  stm32l0xx_ll_usb.o(i.USB_EPClearStall)
    USB_EPSetStall                           0x08003ad1   Thumb Code    84  stm32l0xx_ll_usb.o(i.USB_EPSetStall)
    USB_EPStartXfer                          0x08003b2d   Thumb Code   998  stm32l0xx_ll_usb.o(i.USB_EPStartXfer)
    USB_EnableGlobalInt                      0x08003f21   Thumb Code    18  stm32l0xx_ll_usb.o(i.USB_EnableGlobalInt)
    USB_IRQHandler                           0x08003f39   Thumb Code    10  stm32l0xx_it.o(i.USB_IRQHandler)
    USB_ReadInterrupts                       0x08003f49   Thumb Code     8  stm32l0xx_ll_usb.o(i.USB_ReadInterrupts)
    USB_ReadPMA                              0x08003f51   Thumb Code    64  stm32l0xx_ll_usb.o(i.USB_ReadPMA)
    USB_SetDevAddress                        0x08003f91   Thumb Code    16  stm32l0xx_ll_usb.o(i.USB_SetDevAddress)
    USB_WritePMA                             0x08003fa1   Thumb Code    58  stm32l0xx_ll_usb.o(i.USB_WritePMA)
    USER_initialize                          0x08003fdd   Thumb Code    14  user_diskio.o(i.USER_initialize)
    USER_ioctl                               0x08003ff1   Thumb Code     8  user_diskio.o(i.USER_ioctl)
    USER_read                                0x08003ff9   Thumb Code     8  user_diskio.o(i.USER_read)
    USER_status                              0x08004001   Thumb Code    14  user_diskio.o(i.USER_status)
    USER_write                               0x08004015   Thumb Code     8  user_diskio.o(i.USER_write)
    __ARM_common_switch8                     0x0800401d   Thumb Code    28  stm32l0xx_hal_dma.o(i.__ARM_common_switch8)
    __scatterload_copy                       0x08004039   Thumb Code    14  handlers.o(i.__scatterload_copy)
    __scatterload_null                       0x08004047   Thumb Code     2  handlers.o(i.__scatterload_null)
    __scatterload_zeroinit                   0x08004049   Thumb Code    14  handlers.o(i.__scatterload_zeroinit)
    main                                     0x08004059   Thumb Code    46  main.o(i.main)
    Region$$Table$$Base                      0x0800408c   Number         0  anon$$obj.o(Region$$Table)
    Region$$Table$$Limit                     0x080040ac   Number         0  anon$$obj.o(Region$$Table)
    xDevConfig                               0x20000000   Data           8  main.o(.data)
    USER_Driver                              0x2000000c   Data          20  user_diskio.o(.data)
    retUSER                                  0x20000020   Data           1  fatfs.o(.data)
    USERPath                                 0x20000021   Data           4  fatfs.o(.data)
    FS_Desc                                  0x20000028   Data          28  usbd_desc.o(.data)
    USBD_FS_DeviceDesc                       0x20000044   Data          18  usbd_desc.o(.data)
    USBD_LangIDDesc                          0x20000058   Data           4  usbd_desc.o(.data)
    USBD_StringSerial                        0x2000005c   Data          26  usbd_desc.o(.data)
    SystemCoreClock                          0x20000078   Data           4  system_stm32l0xx.o(.data)
    uwTick                                   0x2000007c   Data           4  stm32l0xx_hal.o(.data)
    USBD_HID                                 0x20000084   Data          56  usbd_hid.o(.data)
    hUsbDeviceFS                             0x2000018c   Data         668  usb_device.o(.bss)
    hpcd_USB_FS                              0x20000428   Data         628  usbd_conf.o(.bss)
    USBD_StrDesc                             0x200006b0   Data         512  usbd_desc.o(.bss)
    disk                                     0x200008b0   Data          12  ff_gen_drv.o(.bss)
    __initial_sp                             0x20000cc0   Data           0  startup_stm32l052xx.o(STACK)



==============================================================================

Memory Map of the image

  Image Entry point : 0x080000c1

  Load Region LR_IROM1 (Base: 0x08000000, Size: 0x00004238, Max: 0x00008000, ABSOLUTE, COMPRESSED[0x00004194])

    Execution Region ER_IROM1 (Exec base: 0x08000000, Load base: 0x08000000, Size: 0x000040ac, Max: 0x00008000, ABSOLUTE)

    Exec Addr    Load Addr    Size         Type   Attr      Idx    E Section Name        Object

    0x08000000   0x08000000   0x000000c0   Data   RO          938    RESET               startup_stm32l052xx.o
    0x080000c0   0x080000c0   0x00000000   Code   RO         4840  * .ARM.Collect$$$$00000000  mc_p.l(entry.o)
    0x080000c0   0x080000c0   0x00000004   Code   RO         4861    .ARM.Collect$$$$00000001  mc_p.l(entry2.o)
    0x080000c4   0x080000c4   0x00000004   Code   RO         4864    .ARM.Collect$$$$00000004  mc_p.l(entry5.o)
    0x080000c8   0x080000c8   0x00000000   Code   RO         4866    .ARM.Collect$$$$00000008  mc_p.l(entry7b.o)
    0x080000c8   0x080000c8   0x00000000   Code   RO         4868    .ARM.Collect$$$$0000000A  mc_p.l(entry8b.o)
    0x080000c8   0x080000c8   0x00000008   Code   RO         4869    .ARM.Collect$$$$0000000B  mc_p.l(entry9a.o)
    0x080000d0   0x080000d0   0x00000000   Code   RO         4871    .ARM.Collect$$$$0000000D  mc_p.l(entry10a.o)
    0x080000d0   0x080000d0   0x00000000   Code   RO         4873    .ARM.Collect$$$$0000000F  mc_p.l(entry11a.o)
    0x080000d0   0x080000d0   0x00000004   Code   RO         4862    .ARM.Collect$$$$00002712  mc_p.l(entry2.o)
    0x080000d4   0x080000d4   0x0000001c   Code   RO          939    .text               startup_stm32l052xx.o
    0x080000f0   0x080000f0   0x0000002c   Code   RO         4843    .text               mc_p.l(uidiv.o)
    0x0800011c   0x0800011c   0x00000024   Code   RO         4845    .text               mc_p.l(memcpya.o)
    0x08000140   0x08000140   0x00000024   Code   RO         4847    .text               mc_p.l(memseta.o)
    0x08000164   0x08000164   0x00000024   Code   RO         4878    .text               mc_p.l(init.o)
    0x08000188   0x08000188   0x00000056   Code   RO         4888    .text               mc_p.l(__dczerorl2.o)
    0x080001de   0x080001de   0x00000002   PAD
    0x080001e0   0x080001e0   0x00000058   Code   RO            3    i.BackupSRAM_Read   main.o
    0x08000238   0x08000238   0x0000000e   Code   RO            5    i.DeviceConfig_Read  main.o
    0x08000246   0x08000246   0x00000002   Code   RO            7    i.Error_Handler     main.o
    0x08000248   0x08000248   0x00000012   Code   RO         4144    i.FATFS_LinkDriver  ff_gen_drv.o
    0x0800025a   0x0800025a   0x00000002   PAD
    0x0800025c   0x0800025c   0x00000054   Code   RO         4145    i.FATFS_LinkDriverEx  ff_gen_drv.o
    0x080002b0   0x080002b0   0x00000030   Code   RO          664    i.Get_SerialNum     usbd_desc.o
    0x080002e0   0x080002e0   0x00000010   Code   RO         2607    i.HAL_IncTick       stm32l0xx_hal.o
    0x080002f0   0x080002f0   0x0000002c   Code   RO         2608    i.HAL_Init          stm32l0xx_hal.o
    0x0800031c   0x0800031c   0x00000034   Code   RO         2609    i.HAL_InitTick      stm32l0xx_hal.o
    0x08000350   0x08000350   0x00000048   Code   RO          916    i.HAL_MspInit       stm32l0xx_hal_msp.o
    0x08000398   0x08000398   0x00000018   Code   RO         3631    i.HAL_NVIC_EnableIRQ  stm32l0xx_hal_cortex.o
    0x080003b0   0x080003b0   0x00000012   Code   RO         3635    i.HAL_NVIC_SetPriority  stm32l0xx_hal_cortex.o
    0x080003c2   0x080003c2   0x00000026   Code   RO         1237    i.HAL_PCDEx_ActivateBCD  stm32l0xx_hal_pcd_ex.o
    0x080003e8   0x080003e8   0x00000032   Code   RO         1238    i.HAL_PCDEx_ActivateLPM  stm32l0xx_hal_pcd_ex.o
    0x0800041a   0x0800041a   0x00000002   Code   RO         1243    i.HAL_PCDEx_LPM_Callback  stm32l0xx_hal_pcd_ex.o
    0x0800041c   0x0800041c   0x0000003e   Code   RO         1244    i.HAL_PCDEx_PMAConfig  stm32l0xx_hal_pcd_ex.o
    0x0800045a   0x0800045a   0x0000001e   Code   RO          457    i.HAL_PCD_DataInStageCallback  usbd_conf.o
    0x08000478   0x08000478   0x00000020   Code   RO          458    i.HAL_PCD_DataOutStageCallback  usbd_conf.o
    0x08000498   0x08000498   0x0000006c   Code   RO         1035    i.HAL_PCD_EP_Close  stm32l0xx_hal_pcd.o
    0x08000504   0x08000504   0x0000007e   Code   RO         1036    i.HAL_PCD_EP_ClrStall  stm32l0xx_hal_pcd.o
    0x08000582   0x08000582   0x0000008e   Code   RO         1039    i.HAL_PCD_EP_Open   stm32l0xx_hal_pcd.o
    0x08000610   0x08000610   0x00000048   Code   RO         1040    i.HAL_PCD_EP_Receive  stm32l0xx_hal_pcd.o
    0x08000658   0x08000658   0x00000090   Code   RO         1041    i.HAL_PCD_EP_SetStall  stm32l0xx_hal_pcd.o
    0x080006e8   0x080006e8   0x00000048   Code   RO         1042    i.HAL_PCD_EP_Transmit  stm32l0xx_hal_pcd.o
    0x08000730   0x08000730   0x00000200   Code   RO         1044    i.HAL_PCD_IRQHandler  stm32l0xx_hal_pcd.o
    0x08000930   0x08000930   0x00000130   Code   RO         1047    i.HAL_PCD_Init      stm32l0xx_hal_pcd.o
    0x08000a60   0x08000a60   0x00000034   Code   RO          463    i.HAL_PCD_MspInit   usbd_conf.o
    0x08000a94   0x08000a94   0x00000028   Code   RO          464    i.HAL_PCD_ResetCallback  usbd_conf.o
    0x08000abc   0x08000abc   0x0000002c   Code   RO          465    i.HAL_PCD_ResumeCallback  usbd_conf.o
    0x08000ae8   0x08000ae8   0x00000010   Code   RO          466    i.HAL_PCD_SOFCallback  usbd_conf.o
    0x08000af8   0x08000af8   0x00000042   Code   RO         1053    i.HAL_PCD_SetAddress  stm32l0xx_hal_pcd.o
    0x08000b3a   0x08000b3a   0x00000016   Code   RO          467    i.HAL_PCD_SetupStageCallback  usbd_conf.o
    0x08000b50   0x08000b50   0x00000040   Code   RO         1055    i.HAL_PCD_Start     stm32l0xx_hal_pcd.o
    0x08000b90   0x08000b90   0x00000028   Code   RO          468    i.HAL_PCD_SuspendCallback  usbd_conf.o
    0x08000bb8   0x08000bb8   0x000000b0   Code   RO         3454    i.HAL_PWR_ConfigPVD  stm32l0xx_hal_pwr.o
    0x08000c68   0x08000c68   0x00000014   Code   RO         3456    i.HAL_PWR_DisableBkUpAccess  stm32l0xx_hal_pwr.o
    0x08000c7c   0x08000c7c   0x00000014   Code   RO         3461    i.HAL_PWR_EnableBkUpAccess  stm32l0xx_hal_pwr.o
    0x08000c90   0x08000c90   0x00000014   Code   RO         3462    i.HAL_PWR_EnablePVD  stm32l0xx_hal_pwr.o
    0x08000ca4   0x08000ca4   0x00000002   Code   RO         3638    i.HAL_SYSTICK_Callback  stm32l0xx_hal_cortex.o
    0x08000ca6   0x08000ca6   0x00000002   PAD
    0x08000ca8   0x08000ca8   0x00000038   Code   RO         3639    i.HAL_SYSTICK_Config  stm32l0xx_hal_cortex.o
    0x08000ce0   0x08000ce0   0x00000008   Code   RO         3640    i.HAL_SYSTICK_IRQHandler  stm32l0xx_hal_cortex.o
    0x08000ce8   0x08000ce8   0x00000004   Code   RO          854    i.HardFault_Handler  stm32l0xx_it.o
    0x08000cec   0x08000cec   0x00000036   Code   RO          665    i.IntToUnicode      usbd_desc.o
    0x08000d22   0x08000d22   0x00000002   PAD
    0x08000d24   0x08000d24   0x00000010   Code   RO         2526    i.LL_EXTI_DisableEvent_0_31  stm32l0xx_ll_exti.o
    0x08000d34   0x08000d34   0x00000010   Code   RO         2527    i.LL_EXTI_DisableIT_0_31  stm32l0xx_ll_exti.o
    0x08000d44   0x08000d44   0x00000010   Code   RO         2528    i.LL_EXTI_EnableEvent_0_31  stm32l0xx_ll_exti.o
    0x08000d54   0x08000d54   0x00000010   Code   RO         2529    i.LL_EXTI_EnableFallingTrig_0_31  stm32l0xx_ll_exti.o
    0x08000d64   0x08000d64   0x00000010   Code   RO         2530    i.LL_EXTI_EnableIT_0_31  stm32l0xx_ll_exti.o
    0x08000d74   0x08000d74   0x00000010   Code   RO         2531    i.LL_EXTI_EnableRisingTrig_0_31  stm32l0xx_ll_exti.o
    0x08000d84   0x08000d84   0x000000bc   Code   RO         2532    i.LL_EXTI_Init      stm32l0xx_ll_exti.o
    0x08000e40   0x08000e40   0x000000fe   Code   RO          979    i.LL_GPIO_Init      stm32l0xx_ll_gpio.o
    0x08000f3e   0x08000f3e   0x00000004   Code   RO            8    i.LL_GPIO_ResetOutputPin  main.o
    0x08000f42   0x08000f42   0x00000002   PAD
    0x08000f44   0x08000f44   0x0000001c   Code   RO            9    i.LL_IOP_GRP1_EnableClock  main.o
    0x08000f60   0x08000f60   0x00000014   Code   RO           10    i.LL_RCC_EnableRTC  main.o
    0x08000f74   0x08000f74   0x00000040   Code   RO         1996    i.LL_RTC_ALMA_ConfigTime  stm32l0xx_ll_rtc.o
    0x08000fb4   0x08000fb4   0x00000140   Code   RO         1997    i.LL_RTC_ALMA_Init  stm32l0xx_ll_rtc.o
    0x080010f4   0x080010f4   0x0000001c   Code   RO         1998    i.LL_RTC_ALMA_SetDay  stm32l0xx_ll_rtc.o
    0x08001110   0x08001110   0x00000044   Code   RO         2004    i.LL_RTC_DATE_Config  stm32l0xx_ll_rtc.o
    0x08001154   0x08001154   0x000000d4   Code   RO         2005    i.LL_RTC_DATE_Init  stm32l0xx_ll_rtc.o
    0x08001228   0x08001228   0x00000008   Code   RO         2008    i.LL_RTC_DisableInitMode  stm32l0xx_ll_rtc.o
    0x08001230   0x08001230   0x0000000a   Code   RO         2009    i.LL_RTC_DisableWriteProtection  stm32l0xx_ll_rtc.o
    0x0800123a   0x0800123a   0x00000006   Code   RO         2010    i.LL_RTC_EnableWriteProtection  stm32l0xx_ll_rtc.o
    0x08001240   0x08001240   0x00000054   Code   RO         2011    i.LL_RTC_EnterInitMode  stm32l0xx_ll_rtc.o
    0x08001294   0x08001294   0x0000000a   Code   RO         2013    i.LL_RTC_GetHourFormat  stm32l0xx_ll_rtc.o
    0x0800129e   0x0800129e   0x00000058   Code   RO         2014    i.LL_RTC_Init       stm32l0xx_ll_rtc.o
    0x080012f6   0x080012f6   0x0000000c   Code   RO         2015    i.LL_RTC_IsActiveFlag_INIT  stm32l0xx_ll_rtc.o
    0x08001302   0x08001302   0x0000000c   Code   RO         2016    i.LL_RTC_IsActiveFlag_RS  stm32l0xx_ll_rtc.o
    0x0800130e   0x0800130e   0x0000000c   Code   RO         2017    i.LL_RTC_IsShadowRegBypassEnabled  stm32l0xx_ll_rtc.o
    0x0800131a   0x0800131a   0x00000002   PAD
    0x0800131c   0x0800131c   0x00000040   Code   RO         2019    i.LL_RTC_TIME_Config  stm32l0xx_ll_rtc.o
    0x0800135c   0x0800135c   0x000000e0   Code   RO         2020    i.LL_RTC_TIME_Init  stm32l0xx_ll_rtc.o
    0x0800143c   0x0800143c   0x00000090   Code   RO         2022    i.LL_RTC_WaitForSynchro  stm32l0xx_ll_rtc.o
    0x080014cc   0x080014cc   0x00000074   Code   RO         2175    i.LL_SPI_Init       stm32l0xx_ll_spi.o
    0x08001540   0x08001540   0x00000014   Code   RO         2023    i.LL_SYSTICK_IsActiveCounterFlag  stm32l0xx_ll_rtc.o
    0x08001554   0x08001554   0x0000000c   Code   RO         2432    i.LL_SetSystemCoreClock  stm32l0xx_ll_utils.o
    0x08001560   0x08001560   0x0000001c   Code   RO          353    i.MX_FATFS_Init     fatfs.o
    0x0800157c   0x0800157c   0x000001f4   Code   RO           11    i.MX_GPIO_Init      main.o
    0x08001770   0x08001770   0x00000002   Code   RO          387    i.MX_MEMS_Init      app_x-cube-mems1.o
    0x08001772   0x08001772   0x00000002   Code   RO          388    i.MX_MEMS_Process   app_x-cube-mems1.o
    0x08001774   0x08001774   0x000000a4   Code   RO           12    i.MX_RTC_Init       main.o
    0x08001818   0x08001818   0x000000f8   Code   RO           13    i.MX_SPI1_Init      main.o
    0x08001910   0x08001910   0x00000040   Code   RO          415    i.MX_USB_DEVICE_Init  usb_device.o
    0x08001950   0x08001950   0x00000002   Code   RO          855    i.NMI_Handler       stm32l0xx_it.o
    0x08001952   0x08001952   0x00000002   PAD
    0x08001954   0x08001954   0x00000078   Code   RO         3641    i.NVIC_SetPriority  stm32l0xx_hal_cortex.o
    0x080019cc   0x080019cc   0x000003c4   Code   RO         1058    i.PCD_EP_ISR_Handler  stm32l0xx_hal_pcd.o
    0x08001d90   0x08001d90   0x00000002   Code   RO          856    i.PendSV_Handler    stm32l0xx_it.o
    0x08001d92   0x08001d92   0x00000002   Code   RO          857    i.RCC_CRS_IRQHandler  stm32l0xx_it.o
    0x08001d94   0x08001d94   0x00000002   Code   RO          858    i.SVC_Handler       stm32l0xx_it.o
    0x08001d96   0x08001d96   0x0000000c   Code   RO          859    i.SysTick_Handler   stm32l0xx_it.o
    0x08001da2   0x08001da2   0x00000008   Code   RO          469    i.SystemClockConfig_Resume  usbd_conf.o
    0x08001daa   0x08001daa   0x00000002   PAD
    0x08001dac   0x08001dac   0x00000260   Code   RO           14    i.SystemClock_Config  main.o
    0x0800200c   0x0800200c   0x00000068   Code   RO          946    i.SystemInit        system_stm32l0xx.o
    0x08002074   0x08002074   0x0000001a   Code   RO         4213    i.USBD_ClrClassConfig  usbd_core.o
    0x0800208e   0x0800208e   0x00000044   Code   RO         4349    i.USBD_ClrFeature   usbd_ctlreq.o
    0x080020d2   0x080020d2   0x00000018   Code   RO         4442    i.USBD_CtlContinueRx  usbd_ioreq.o
    0x080020ea   0x080020ea   0x00000018   Code   RO         4443    i.USBD_CtlContinueSendData  usbd_ioreq.o
    0x08002102   0x08002102   0x00000018   Code   RO         4350    i.USBD_CtlError     usbd_ctlreq.o
    0x0800211a   0x0800211a   0x0000001c   Code   RO         4445    i.USBD_CtlReceiveStatus  usbd_ioreq.o
    0x08002136   0x08002136   0x00000024   Code   RO         4446    i.USBD_CtlSendData  usbd_ioreq.o
    0x0800215a   0x0800215a   0x0000001c   Code   RO         4447    i.USBD_CtlSendStatus  usbd_ioreq.o
    0x08002176   0x08002176   0x00000002   PAD
    0x08002178   0x08002178   0x00000034   Code   RO          666    i.USBD_FS_ConfigStrDescriptor  usbd_desc.o
    0x080021ac   0x080021ac   0x00000010   Code   RO          667    i.USBD_FS_DeviceDescriptor  usbd_desc.o
    0x080021bc   0x080021bc   0x00000038   Code   RO          668    i.USBD_FS_InterfaceStrDescriptor  usbd_desc.o
    0x080021f4   0x080021f4   0x00000010   Code   RO          669    i.USBD_FS_LangIDStrDescriptor  usbd_desc.o
    0x08002204   0x08002204   0x0000002c   Code   RO          670    i.USBD_FS_ManufacturerStrDescriptor  usbd_desc.o
    0x08002230   0x08002230   0x00000040   Code   RO          671    i.USBD_FS_ProductStrDescriptor  usbd_desc.o
    0x08002270   0x08002270   0x00000018   Code   RO          672    i.USBD_FS_SerialStrDescriptor  usbd_desc.o
    0x08002288   0x08002288   0x0000005a   Code   RO         4351    i.USBD_GetConfig    usbd_ctlreq.o
    0x080022e2   0x080022e2   0x00000188   Code   RO         4352    i.USBD_GetDescriptor  usbd_ctlreq.o
    0x0800246a   0x0800246a   0x00000014   Code   RO         4353    i.USBD_GetLen       usbd_ctlreq.o
    0x0800247e   0x0800247e   0x00000062   Code   RO         4354    i.USBD_GetStatus    usbd_ctlreq.o
    0x080024e0   0x080024e0   0x0000004e   Code   RO         4355    i.USBD_GetString    usbd_ctlreq.o
    0x0800252e   0x0800252e   0x0000002e   Code   RO          470    i.USBD_Get_USB_Status  usbd_conf.o
    0x0800255c   0x0800255c   0x00000010   Code   RO         4500    i.USBD_HID_DataIn   usbd_hid.o
    0x0800256c   0x0800256c   0x00000038   Code   RO         4501    i.USBD_HID_DeInit   usbd_hid.o
    0x080025a4   0x080025a4   0x00000010   Code   RO         4502    i.USBD_HID_GetDeviceQualifierDesc  usbd_hid.o
    0x080025b4   0x080025b4   0x00000010   Code   RO         4503    i.USBD_HID_GetFSCfgDesc  usbd_hid.o
    0x080025c4   0x080025c4   0x00000010   Code   RO         4504    i.USBD_HID_GetHSCfgDesc  usbd_hid.o
    0x080025d4   0x080025d4   0x00000010   Code   RO         4505    i.USBD_HID_GetOtherSpeedCfgDesc  usbd_hid.o
    0x080025e4   0x080025e4   0x00000044   Code   RO         4507    i.USBD_HID_Init     usbd_hid.o
    0x08002628   0x08002628   0x00000174   Code   RO         4509    i.USBD_HID_Setup    usbd_hid.o
    0x0800279c   0x0800279c   0x00000048   Code   RO         4215    i.USBD_Init         usbd_core.o
    0x080027e4   0x080027e4   0x00000026   Code   RO          471    i.USBD_LL_ClearStallEP  usbd_conf.o
    0x0800280a   0x0800280a   0x00000026   Code   RO          472    i.USBD_LL_CloseEP   usbd_conf.o
    0x08002830   0x08002830   0x0000012c   Code   RO         4216    i.USBD_LL_DataInStage  usbd_core.o
    0x0800295c   0x0800295c   0x000000c4   Code   RO         4217    i.USBD_LL_DataOutStage  usbd_core.o
    0x08002a20   0x08002a20   0x00000080   Code   RO          477    i.USBD_LL_Init      usbd_conf.o
    0x08002aa0   0x08002aa0   0x00000032   Code   RO          478    i.USBD_LL_IsStallEP  usbd_conf.o
    0x08002ad2   0x08002ad2   0x00000030   Code   RO          479    i.USBD_LL_OpenEP    usbd_conf.o
    0x08002b02   0x08002b02   0x00000030   Code   RO          480    i.USBD_LL_PrepareReceive  usbd_conf.o
    0x08002b32   0x08002b32   0x0000006e   Code   RO         4222    i.USBD_LL_Reset     usbd_core.o
    0x08002ba0   0x08002ba0   0x00000016   Code   RO         4223    i.USBD_LL_Resume    usbd_core.o
    0x08002bb6   0x08002bb6   0x00000030   Code   RO         4224    i.USBD_LL_SOF       usbd_core.o
    0x08002be6   0x08002be6   0x00000008   Code   RO         4225    i.USBD_LL_SetSpeed  usbd_core.o
    0x08002bee   0x08002bee   0x00000026   Code   RO          481    i.USBD_LL_SetUSBAddress  usbd_conf.o
    0x08002c14   0x08002c14   0x00000088   Code   RO         4226    i.USBD_LL_SetupStage  usbd_core.o
    0x08002c9c   0x08002c9c   0x00000026   Code   RO          482    i.USBD_LL_StallEP   usbd_conf.o
    0x08002cc2   0x08002cc2   0x00000022   Code   RO          483    i.USBD_LL_Start     usbd_conf.o
    0x08002ce4   0x08002ce4   0x00000020   Code   RO         4227    i.USBD_LL_Suspend   usbd_core.o
    0x08002d04   0x08002d04   0x00000030   Code   RO          485    i.USBD_LL_Transmit  usbd_conf.o
    0x08002d34   0x08002d34   0x00000028   Code   RO         4356    i.USBD_ParseSetupRequest  usbd_ctlreq.o
    0x08002d5c   0x08002d5c   0x00000016   Code   RO         4228    i.USBD_RegisterClass  usbd_core.o
    0x08002d72   0x08002d72   0x00000006   Code   RO         4229    i.USBD_RunTestMode  usbd_core.o
    0x08002d78   0x08002d78   0x00000070   Code   RO         4357    i.USBD_SetAddress   usbd_ctlreq.o
    0x08002de8   0x08002de8   0x0000002e   Code   RO         4230    i.USBD_SetClassConfig  usbd_core.o
    0x08002e16   0x08002e16   0x00000002   PAD
    0x08002e18   0x08002e18   0x000000f8   Code   RO         4358    i.USBD_SetConfig    usbd_ctlreq.o
    0x08002f10   0x08002f10   0x0000001c   Code   RO         4359    i.USBD_SetFeature   usbd_ctlreq.o
    0x08002f2c   0x08002f2c   0x0000000e   Code   RO         4231    i.USBD_Start        usbd_core.o
    0x08002f3a   0x08002f3a   0x000000a8   Code   RO         4360    i.USBD_StdDevReq    usbd_ctlreq.o
    0x08002fe2   0x08002fe2   0x00000256   Code   RO         4361    i.USBD_StdEPReq     usbd_ctlreq.o
    0x08003238   0x08003238   0x0000008c   Code   RO         4362    i.USBD_StdItfReq    usbd_ctlreq.o
    0x080032c4   0x080032c4   0x00000002   Code   RO          486    i.USBD_static_free  usbd_conf.o
    0x080032c6   0x080032c6   0x00000002   PAD
    0x080032c8   0x080032c8   0x0000000c   Code   RO          487    i.USBD_static_malloc  usbd_conf.o
    0x080032d4   0x080032d4   0x00000474   Code   RO         1299    i.USB_ActivateEndpoint  stm32l0xx_ll_usb.o
    0x08003748   0x08003748   0x00000264   Code   RO         1304    i.USB_DeactivateEndpoint  stm32l0xx_ll_usb.o
    0x080039ac   0x080039ac   0x00000014   Code   RO         1305    i.USB_DevConnect    stm32l0xx_ll_usb.o
    0x080039c0   0x080039c0   0x00000020   Code   RO         1307    i.USB_DevInit       stm32l0xx_ll_usb.o
    0x080039e0   0x080039e0   0x00000018   Code   RO         1308    i.USB_DisableGlobalInt  stm32l0xx_ll_usb.o
    0x080039f8   0x080039f8   0x00000006   Code   RO         1309    i.USB_EP0_OutStart  stm32l0xx_ll_usb.o
    0x080039fe   0x080039fe   0x00000002   PAD
    0x08003a00   0x08003a00   0x000000d0   Code   RO         1310    i.USB_EPClearStall  stm32l0xx_ll_usb.o
    0x08003ad0   0x08003ad0   0x0000005c   Code   RO         1311    i.USB_EPSetStall    stm32l0xx_ll_usb.o
    0x08003b2c   0x08003b2c   0x000003f4   Code   RO         1312    i.USB_EPStartXfer   stm32l0xx_ll_usb.o
    0x08003f20   0x08003f20   0x00000018   Code   RO         1313    i.USB_EnableGlobalInt  stm32l0xx_ll_usb.o
    0x08003f38   0x08003f38   0x00000010   Code   RO          860    i.USB_IRQHandler    stm32l0xx_it.o
    0x08003f48   0x08003f48   0x00000008   Code   RO         1320    i.USB_ReadInterrupts  stm32l0xx_ll_usb.o
    0x08003f50   0x08003f50   0x00000040   Code   RO         1321    i.USB_ReadPMA       stm32l0xx_ll_usb.o
    0x08003f90   0x08003f90   0x00000010   Code   RO         1324    i.USB_SetDevAddress  stm32l0xx_ll_usb.o
    0x08003fa0   0x08003fa0   0x0000003a   Code   RO         1327    i.USB_WritePMA      stm32l0xx_ll_usb.o
    0x08003fda   0x08003fda   0x00000002   PAD
    0x08003fdc   0x08003fdc   0x00000014   Code   RO          272    i.USER_initialize   user_diskio.o
    0x08003ff0   0x08003ff0   0x00000008   Code   RO          273    i.USER_ioctl        user_diskio.o
    0x08003ff8   0x08003ff8   0x00000008   Code   RO          274    i.USER_read         user_diskio.o
    0x08004000   0x08004000   0x00000014   Code   RO          275    i.USER_status       user_diskio.o
    0x08004014   0x08004014   0x00000008   Code   RO          276    i.USER_write        user_diskio.o
    0x0800401c   0x0800401c   0x0000001c   Code   RO         3447    i.__ARM_common_switch8  stm32l0xx_hal_dma.o
    0x08004038   0x08004038   0x0000000e   Code   RO         4882    i.__scatterload_copy  mc_p.l(handlers.o)
    0x08004046   0x08004046   0x00000002   Code   RO         4883    i.__scatterload_null  mc_p.l(handlers.o)
    0x08004048   0x08004048   0x0000000e   Code   RO         4884    i.__scatterload_zeroinit  mc_p.l(handlers.o)
    0x08004056   0x08004056   0x00000002   PAD
    0x08004058   0x08004058   0x00000034   Code   RO           15    i.main              main.o
    0x0800408c   0x0800408c   0x00000020   Data   RO         4880    Region$$Table       anon$$obj.o


    Execution Region RW_IRAM1 (Exec base: 0x20000000, Load base: 0x080040ac, Size: 0x00000cc0, Max: 0x00002000, ABSOLUTE, COMPRESSED[0x000000e8])

    Exec Addr    Load Addr    Size         Type   Attr      Idx    E Section Name        Object

    0x20000000   COMPRESSED   0x00000008   Data   RW           17    .data               main.o
    0x20000008   COMPRESSED   0x00000018   Data   RW          278    .data               user_diskio.o
    0x20000020   COMPRESSED   0x00000005   Data   RW          357    .data               fatfs.o
    0x20000025   COMPRESSED   0x00000003   PAD
    0x20000028   COMPRESSED   0x0000004e   Data   RW          675    .data               usbd_desc.o
    0x20000076   COMPRESSED   0x00000002   PAD
    0x20000078   COMPRESSED   0x00000004   Data   RW          948    .data               system_stm32l0xx.o
    0x2000007c   COMPRESSED   0x00000004   Data   RW         2618    .data               stm32l0xx_hal.o
    0x20000080   COMPRESSED   0x00000001   Data   RW         4364    .data               usbd_ctlreq.o
    0x20000081   COMPRESSED   0x00000003   PAD
    0x20000084   COMPRESSED   0x00000106   Data   RW         4511    .data               usbd_hid.o
    0x2000018a   COMPRESSED   0x00000002   PAD
    0x2000018c        -       0x0000029c   Zero   RW          416    .bss                usb_device.o
    0x20000428        -       0x00000288   Zero   RW          488    .bss                usbd_conf.o
    0x200006b0        -       0x00000200   Zero   RW          673    .bss                usbd_desc.o
    0x200008b0        -       0x0000000c   Zero   RW         4148    .bss                ff_gen_drv.o
    0x200008bc   COMPRESSED   0x00000004   PAD
    0x200008c0        -       0x00000400   Zero   RW          936    STACK               startup_stm32l052xx.o


==============================================================================

Image component sizes


      Code (inc. data)   RO Data    RW Data    ZI Data      Debug   Object Name

         4          0          0          0          0        809   app_x-cube-mems1.o
        28         12          0          5          0       1018   fatfs.o
       102          6          0          0         12       1611   ff_gen_drv.o
      1728         74          0          8          0     361635   main.o
        28          8        192          0       1024        588   startup_stm32l052xx.o
       112         16          0          4          0       2577   stm32l0xx_hal.o
       228         26          0          0          0      11653   stm32l0xx_hal_cortex.o
        28          0          0          0          0         76   stm32l0xx_hal_dma.o
        72          6          0          0          0        486   stm32l0xx_hal_msp.o
      2574         20          0          0          0       9797   stm32l0xx_hal_pcd.o
       152          0          0          0          0       2903   stm32l0xx_hal_pcd_ex.o
       236         24          0          0          0       2591   stm32l0xx_hal_pwr.o
        40          6          0          0          0       2873   stm32l0xx_it.o
       284         28          0          0          0       7343   stm32l0xx_ll_exti.o
       254          0          0          0          0       7103   stm32l0xx_ll_gpio.o
      1386         34          0          0          0      38086   stm32l0xx_ll_rtc.o
       116          4          0          0          0      14474   stm32l0xx_ll_spi.o
      3316         84          0          0          0      14839   stm32l0xx_ll_usb.o
        12          6          0          0          0        536   stm32l0xx_ll_utils.o
       104         16          0          4          0       1167   system_stm32l0xx.o
        64         12          0          0        668        720   usb_device.o
       852         38          0          0        648      13042   usbd_conf.o
      1038          0          0          0          0       9671   usbd_core.o
      2104         34          0          1          0      10404   usbd_ctlreq.o
       374        114          0         78        512       6185   usbd_desc.o
       576         32          0        262          0       7051   usbd_hid.o
       140          0          0          0          0       3712   usbd_ioreq.o
        64         12          0         24          0       3372   user_diskio.o

    ----------------------------------------------------------------------
     16040        612        224        396       2868     536322   Object Totals
         0          0         32          0          0          0   (incl. Generated)
        24          0          0         10          4          0   (incl. Padding)

    ----------------------------------------------------------------------

      Code (inc. data)   RO Data    RW Data    ZI Data      Debug   Library Member Name

        86          0          0          0          0          0   __dczerorl2.o
         0          0          0          0          0          0   entry.o
         0          0          0          0          0          0   entry10a.o
         0          0          0          0          0          0   entry11a.o
         8          4          0          0          0          0   entry2.o
         4          0          0          0          0          0   entry5.o
         0          0          0          0          0          0   entry7b.o
         0          0          0          0          0          0   entry8b.o
         8          4          0          0          0          0   entry9a.o
        30          0          0          0          0          0   handlers.o
        36          8          0          0          0         68   init.o
        36          0          0          0          0         60   memcpya.o
        36          0          0          0          0        100   memseta.o
        44          0          0          0          0         72   uidiv.o

    ----------------------------------------------------------------------
       292         16          0          0          0        300   Library Totals
         4          0          0          0          0          0   (incl. Padding)

    ----------------------------------------------------------------------

      Code (inc. data)   RO Data    RW Data    ZI Data      Debug   Library Name

       288         16          0          0          0        300   mc_p.l

    ----------------------------------------------------------------------
       292         16          0          0          0        300   Library Totals

    ----------------------------------------------------------------------

==============================================================================


      Code (inc. data)   RO Data    RW Data    ZI Data      Debug   

     16332        628        224        396       2868     529322   Grand Totals
     16332        628        224        232       2868     529322   ELF Image Totals (compressed)
     16332        628        224        232          0          0   ROM Totals

==============================================================================

    Total RO  Size (Code + RO Data)                16556 (  16.17kB)
    Total RW  Size (RW Data + ZI Data)              3264 (   3.19kB)
    Total ROM Size (Code + RO Data + RW Data)      16788 (  16.39kB)

==============================================================================

